stored evaluation: test_build_123:cli
stored evaluation: 6d799cf61919:web
stored evaluation: 1ddd629759ea:cli
stored evaluation: b02c26026bd2:ml
stored evaluation: test_build_123:cli
stored evaluation: test_build_123:cli
stored evaluation: c9ce3f1f3348:web
stored evaluation: test_build_123:cli
stored evaluation: a4ad9b376900:web
stored evaluation: 87d672d26ef7:web
stored evaluation: 2e6bad3ea754:web
stored evaluation: 58da8f1acb96:web
stored evaluation: 4ad4d48ecb24:web
stored evaluation: diag_1760813181:cli
stored evaluation: diag_1760813190:cli
stored evaluation: 7b752159bcf8:web
stored evaluation: test_build_123:cli
stored evaluation: de5ea8e66123:web
stored evaluation: 75502522be44:web
stored evaluation: test_build_123:cli
stored evaluation: ca1182975801:web
stored evaluation: 5bc50096d38f:web
stored evaluation: test_build_123:cli
stored evaluation: 413f0e88420c:web
stored evaluation: e334b0cdb6b1:web
stored evaluation: 4fe8afa2ed8e:web
stored evaluation: test_build_123:cli
stored evaluation: b9ba020727a6:web
stored evaluation: 7c57da0e3142:web
stored evaluation: 495c1cd9947b:web
stored evaluation: test_build_123:cli
stored evaluation: 2deca0b9d04d:web
stored evaluation: 3a9246f0be90:web
stored evaluation: 63f8eddc5edd:web
stored evaluation: ceadeb843a2c:web
stored evaluation: f18f6ccca16f:web
stored evaluation: f8c141a6a426:cli
stored evaluation: ca0e4f8db8fb:cli
stored evaluation: test_build_123:cli
stored evaluation: 02fc3f1078a1:web
stored evaluation: 64df9b04a323:web
stored evaluation: 539617885c69:web
stored evaluation: 84edebf80675:web
stored evaluation: 4362b92e0077:cli
stored evaluation: 471bb0401fd7:cli
stored evaluation: test_build_123:cli
stored evaluation: b79a21937f22:web
stored evaluation: 03bcbfaa27a1:web
stored evaluation: 2471943bc3e4:web
stored evaluation: 7c6e927630f8:web
stored evaluation: 5670a6e76550:cli
stored evaluation: 4f070da8167d:cli
stored evaluation: test_build_123:cli
stored evaluation: 85e802100615:web
stored evaluation: 18017ae03063:web
stored evaluation: 75e9bfdff0fa:web
stored evaluation: bdd1818864d5:web
stored evaluation: 57a674dbf302:cli
stored evaluation: d9bef969f74f:cli
stored evaluation: test_build_123:cli
stored evaluation: 76c134928673:web
stored evaluation: 59af46eafb1c:web
stored evaluation: 1d112f59ae43:web
stored evaluation: e6050703f5aa:web
stored evaluation: 0958f77ff31c:web
stored evaluation: e83cc345ff92:web
stored evaluation: 18c9104b14e5:web
stored evaluation: e2b555f02388:web
stored evaluation: 6cb73b470777:web
stored evaluation: ba0fc17758af:web
stored evaluation: 9d20128999c5:web
stored evaluation: 1b24be247e84:web
stored evaluation: a9722c98c78a:web
stored evaluation: 21e336409557:web
stored evaluation: 77a122a1b83f:cli
stored evaluation: 2984741776fd:cli
stored evaluation: test_build_123:cli
stored evaluation: 70d2b0202268:web
stored evaluation: 5d0fbaba6bec:web
stored evaluation: 757ada126a6e:web
stored evaluation: febd4ce4a682:web
stored evaluation: 443debc05d2b:web
stored evaluation: db05ead9745c:web
stored evaluation: 565620b3434a:web
stored evaluation: 54c5847d7350:web
stored evaluation: bd154b50accd:web
stored evaluation: 80c213486256:web
stored evaluation: 768070c91f0f:web
stored evaluation: d03eeaa877d3:web
stored evaluation: aa0fa63d4cd9:web
stored evaluation: 12d0f196f037:web
stored evaluation: 950f37c490cc:cli
stored evaluation: e006914652ce:cli
stored evaluation: test_build_123:cli
stored evaluation: 0145632017b7:web
stored evaluation: 8eaac868239b:web
stored evaluation: 2aac2620f1b0:web
stored evaluation: f07e6803120f:web
stored evaluation: 4512c5e6df24:web
stored evaluation: 8195eae03426:web
stored evaluation: 67e8b80b5bcd:web
stored evaluation: afb2d987cc5a:web
stored evaluation: 2d556fac95ef:web
stored evaluation: 74bc0ddc24fc:web
stored evaluation: 5029ba3050ec:web
stored evaluation: be615b5c28be:cli
stored evaluation: 1c72aa660752:cli
stored evaluation: 048cf45673ae:web
stored evaluation: 3d4c64bf41ea:web
stored evaluation: 7bc398030324:web
stored evaluation: c0eb6b2741ba:web
stored evaluation: 8d1a0d7d49bd:cli
stored evaluation: 42bf1a95b783:cli
stored evaluation: test_build_123:cli
stored evaluation: 7152227630d9:web
stored evaluation: f7fe09cb96e2:web
stored evaluation: 14dd1473d9e8:web
stored evaluation: cd9885704106:web
stored evaluation: fe70fc181a05:cli
stored evaluation: f9f2f8fa0371:cli
stored evaluation: test_build_123:cli
stored evaluation: 0c69855a80a2:web
stored evaluation: e9134ba2bdea:web
stored evaluation: 9800d52eca59:web
stored evaluation: 79700ef308e4:web
stored evaluation: 83046f0ba8c7:cli
stored evaluation: 55f99d8074ee:cli
stored evaluation: test_build_123:cli
stored evaluation: 9b09af2c14bf:web
stored evaluation: df005a9ce403:web
stored evaluation: 54b16aca1b27:web
stored evaluation: 9ff5e10e164d:web
stored evaluation: a470b7c01a3b:cli
stored evaluation: 1e2cfadc944b:cli
stored evaluation: test_build_123:cli
stored evaluation: db72e2adf9b3:web
stored evaluation: c15e5c7d3904:web
stored evaluation: 96f9d5718f88:web
stored evaluation: 2687cf15fa5f:web
stored evaluation: c107658d49a4:cli
stored evaluation: 4ec5ead6be37:cli
stored evaluation: test_build_123:cli
stored evaluation: 5f7fc7f695aa:web
stored evaluation: 020ca7da3901:web
stored evaluation: 6bd6200e76cc:web
stored evaluation: f0688a393aa5:web
stored evaluation: b47b6d7f2cb0:cli
stored evaluation: a9114eacfe8f:cli
stored evaluation: test_build_123:cli
stored evaluation: 574dde20c70e:web
stored evaluation: 504214402607:web
stored evaluation: b8e1814eb359:web
stored evaluation: 33d735ed064f:web
stored evaluation: 8a3a1d8f46d7:web
stored evaluation: 12e75b44da30:web
stored evaluation: 1a80b8076ab9:web
stored evaluation: 79bfc860967d:web
stored evaluation: a92f283e0387:web
stored evaluation: 184e5f595b0d:web
stored evaluation: 68deee482bf3:web
stored evaluation: 80216a221835:web
stored evaluation: 0b55751db581:web
stored evaluation: 885fb7c008d1:web
stored evaluation: dab2ad160afd:web
stored evaluation: d3177d9e326b:web
stored evaluation: cf232cd5a83a:web
stored evaluation: 27b9246d11a9:web
stored evaluation: 2fc408746f1f:cli
stored evaluation: e09e6685835c:cli
stored evaluation: 63b22eac0ff5:web
stored evaluation: e2440039262b:web
stored evaluation: a6556957673b:web
stored evaluation: eba377b2b59e:web
stored evaluation: 41ccaa72a099:web
stored evaluation: 3bf04ed30d17:web
stored evaluation: f6bbbe9d8485:web
stored evaluation: c4987b33ca77:web
stored evaluation: 7b87584c4546:web
stored evaluation: bcbb0ad57873:web
stored evaluation: 1fe10f813285:web
stored evaluation: 56fdb187747c:cli
stored evaluation: 93a1be6fcf9a:cli
stored evaluation: 42127a5258fc:web
stored evaluation: f5e577d074a8:web
stored evaluation: c6444f68aadd:web
stored evaluation: 462ebe9fbb62:web
stored evaluation: 01e1f9e74833:cli
stored evaluation: 612a4a0f2a83:cli
stored evaluation: test_build_123:cli
stored evaluation: 1bc627c2ae31:web
stored evaluation: 7971702fdf72:web
stored evaluation: 1d25f1641ee7:web
stored evaluation: 322e7f33040c:web
stored evaluation: 17d6799ac5f3:cli
stored evaluation: bc98025f0751:cli
stored evaluation: test_build_123:cli
stored evaluation: a90bafaa5548:web
stored evaluation: d7d17a109727:web
stored evaluation: 848ebfd0a016:web
stored evaluation: b79d5095ab91:web
stored evaluation: 06a5ffbaba64:cli
stored evaluation: 372af3711f07:cli
stored evaluation: test_build_123:cli
stored evaluation: 175fb7eec86f:web
stored evaluation: 3595a4ddd3b4:web
stored evaluation: 29ef301c1628:web
stored evaluation: 60dade35c696:web
stored evaluation: b0a16626cb83:cli
stored evaluation: 3d333e6567ed:cli
stored evaluation: test_build_123:cli
stored evaluation: 404fe50fa9a9:web
stored evaluation: 034a8e45048e:web
stored evaluation: 5e2362d26b94:web
stored evaluation: 79295e4bbacf:web
stored evaluation: 70f634049e8d:cli
stored evaluation: 368da270c8a8:cli
stored evaluation: test_build_123:cli
stored evaluation: 95dea40a89c0:web
stored evaluation: 2d5896bfe7d7:web
stored evaluation: 7ebc1b1086c6:web
stored evaluation: test_app-manual:web
stored evaluation: c10a55526fc6:web
stored evaluation: c7902bb711c3:web
stored evaluation: c3c12e7b63a0:cli
stored evaluation: 0f581edec87c:ml
stored evaluation: be7002a86dca:web
stored evaluation: 18a229aaee1d:web
stored evaluation: c04d807943bc:web
stored evaluation: af7f6ae00c5d:web
stored evaluation: 93d9cc5e0af3:web
stored evaluation: f27d47ddaf2a:cli
stored evaluation: 6e8da228c614:cli
stored evaluation: test_build_123:cli
stored evaluation: 3fcc64d9d671:web
stored evaluation: e5db82bb2dc4:web
stored evaluation: 422575e121ac:web
stored evaluation: 8e65927c371f:web
stored evaluation: 837fc75b583f:cli
stored evaluation: 3f886af5ae5f:cli
stored evaluation: test_build_123:cli
stored evaluation: e790fda4bf8b:web
stored evaluation: 0b4f0d46c889:web
stored evaluation: 257e3040ecf7:web
stored evaluation: a1dd7d4b9cf3:web
stored evaluation: 2dda208127d2:cli
stored evaluation: e8792961a5e4:cli
stored evaluation: test_build_123:cli
stored evaluation: e6356d2a25d7:web
stored evaluation: a57d1e86e52e:web
stored evaluation: 14287f6b1aba:web
stored evaluation: b42d410a0d4c:web
stored evaluation: ac2b9a7ff090:cli
stored evaluation: 84a38e17373d:cli
stored evaluation: test_build_123:cli
stored evaluation: ff7ecb1724cd:web
stored evaluation: 9451aaeb8167:web
stored evaluation: 2892ce17c29e:web
stored evaluation: a29a15524fe9:web
stored evaluation: 7eeb6eb3e1aa:cli
stored evaluation: dbc8932ae34d:cli
stored evaluation: test_build_123:cli
stored evaluation: fbbeda4371fb:web
stored evaluation: 653f2b0da6e7:web
stored evaluation: 17c29d5f5350:web
stored evaluation: 372d1a9ee629:web
stored evaluation: a08c0ab60bb0:web
stored evaluation: 5a0c4745c118:web
stored evaluation: 67345fb8ca46:web
stored evaluation: a5999350d641:web
stored evaluation: e7edf7f87374:web
stored evaluation: e7155b3bbe78:web
stored evaluation: 3d8b116fec92:web
stored evaluation: c6cb04068d0b:web
stored evaluation: 5ff2398a9352:web
stored evaluation: 268beed789dd:web
stored evaluation: 39e7aa063edb:web
stored evaluation: e15452fb2c33:web
stored evaluation: e648133182a9:cli
stored evaluation: 41e25ec49c18:cli
stored evaluation: test_build_123:cli
stored evaluation: b56288df424a:web
stored evaluation: 27cc53201621:web
stored evaluation: c22859862c4a:web
stored evaluation: 6a69f7233da4:web
stored evaluation: 2ac9a7e8680d:cli
stored evaluation: 77465f17a687:cli
stored evaluation: test_build_123:cli
stored evaluation: 854a70ba91cf:web
stored evaluation: 2ad239c1a6aa:web
stored evaluation: 59efaeadb126:cli
stored evaluation: 4c49e15b4afd:ml
stored evaluation: cb8f9529b696:web
stored evaluation: 424359c13075:web
stored evaluation: c392a00ff7f6:web
stored evaluation: 19d153e40523:web
stored evaluation: 718e0d704276:web
stored evaluation: 450854739f29:cli
stored evaluation: 807a86413767:ml
stored evaluation: 8aee14577687:web
stored evaluation: 7d3fb2301eb9:web
stored evaluation: 102371d00726:web
stored evaluation: 9b009a60693a:web
stored evaluation: 6fdca6b65114:web
stored evaluation: a96491d229b4:cli
stored evaluation: 9167dac218e1:ml
stored evaluation: 380f0f250987:web
stored evaluation: 0d4cebe0abd8:web
stored evaluation: 8a72cb2b9765:web
stored evaluation: 381d8e8b6cba:web
stored evaluation: 5ee3a42669f1:web
stored evaluation: 134c335c38b4:web
stored evaluation: 7174b2c79ca6:web
stored evaluation: 85ffd4041e84:cli
stored evaluation: 4296407ce4f1:cli
stored evaluation: test_build_123:cli
stored evaluation: d6cab8ec18cf:web
stored evaluation: 69b88e6233f6:web
stored evaluation: 1ced7de32cc3:web
stored evaluation: 52c197688f87:web
stored evaluation: 337245ac303a:cli
stored evaluation: 1b4afc01d0ad:cli
stored evaluation: test_build_123:cli
stored evaluation: 296e9a954557:web
stored evaluation: 54e70056b05f:web
stored evaluation: 81ef77d45799:web
stored evaluation: e0529d53eaa4:web
stored evaluation: 48021e31d6f5:cli
stored evaluation: 5078f6bae8d5:cli
stored evaluation: test_build_123:cli
stored evaluation: 9f07399b7bcd:web
stored evaluation: 44126adf3442:web
stored evaluation: 7ed3a3559669:web
stored evaluation: b0be49543390:web
stored evaluation: f6bb0e026fcd:cli
stored evaluation: 1ceb0211753f:cli
stored evaluation: test_build_123:cli
stored evaluation: 18da896a8aad:web
stored evaluation: a47673353c27:web
stored evaluation: b4c3584ea4ae:web
stored evaluation: 8bfa99d2af1f:web
stored evaluation: c5ce8431a67a:cli
stored evaluation: 881016aa9096:cli
stored evaluation: test_build_123:cli
stored evaluation: a7b98b72f032:web
stored evaluation: 7cc8dbc378c7:web
stored evaluation: da0db7647d3b:web
stored evaluation: ddc295bb78a5:web
stored evaluation: 77bc2c2b66ee:cli
stored evaluation: fddd7cba706b:cli
stored evaluation: test_build_123:cli
stored evaluation: ec4ad7654521:web
stored evaluation: 151be7775d06:web
stored evaluation: 31d4f3815fcd:web
stored evaluation: a1b5936b69c3:web
stored evaluation: a70cdbd46c3c:cli
stored evaluation: 558adcf36e0b:cli
stored evaluation: test_build_123:cli
stored evaluation: 9e6a2c604c86:web
stored evaluation: 38db253d46d6:web
stored evaluation: 579f02708b72:web
stored evaluation: 34b12450506a:web
stored evaluation: 6c0eb9128508:cli
stored evaluation: 9423b2248186:cli
stored evaluation: test_build_123:cli
stored evaluation: b4e631bd6432:web
stored evaluation: e6b9841031f7:web
stored evaluation: 58d0256ac1a6:web
stored evaluation: 067cc50372e4:web
stored evaluation: 949d96cdfb02:cli
stored evaluation: 21b14d1abc00:cli
stored evaluation: test_build_123:cli
stored evaluation: 5fbb0fb21b29:web
stored evaluation: 564a431db1a6:web
stored evaluation: 872804ea1670:web
stored evaluation: 9aeb58070a1e:web
stored evaluation: c9f8cb347c83:cli
stored evaluation: ffb4fb3ade2d:cli
stored evaluation: test_build_123:cli
stored evaluation: 3f5ed09289fc:web
stored evaluation: bb4fa6ab4275:web
stored evaluation: f9555e6ac469:web
stored evaluation: f78a2e19603d:web
stored evaluation: 08eb1198b1b3:cli
stored evaluation: 9b50241cf67c:cli
stored evaluation: test_build_123:cli
stored evaluation: 60a0ca02d4db:web
stored evaluation: 2d579f56e259:web
stored evaluation: 28dcb48f84a7:web
stored evaluation: ebc50206f69a:web
stored evaluation: c27091e11963:cli
stored evaluation: bd5ba1171a7b:cli
stored evaluation: test_build_123:cli
stored evaluation: e42dfa10ba1b:web
stored evaluation: 6a7aca7dfa58:web
stored evaluation: 07e6eaae2ac2:web
stored evaluation: 71d555997e1f:web
stored evaluation: 1c3f3f0ac424:cli
stored evaluation: 98e027792c79:cli
stored evaluation: test_build_123:cli
stored evaluation: 7e4d8c29fa07:web
stored evaluation: 12f78cea8d93:web
stored evaluation: 3fa6a9c22f0e:web
stored evaluation: b2f1bb05863e:web
stored evaluation: e5fdf17522b1:cli
stored evaluation: 6ce81532dba9:cli
stored evaluation: test_build_123:cli
stored evaluation: 998308345800:web
stored evaluation: 2429a91506c6:web
stored evaluation: 6d5135ed6455:web
stored evaluation: dbe4653de1d0:web
stored evaluation: 4e43d66325cb:cli
stored evaluation: cb688e8a2e88:cli
stored evaluation: test_build_123:cli
stored evaluation: 59218f605332:web
stored evaluation: 313d64835d3b:web
stored evaluation: 2d2a78b7cbf9:web
stored evaluation: c03e6990bc91:web
stored evaluation: 391bb767077a:cli
stored evaluation: 9bd8ce8064f5:cli
stored evaluation: test_build_123:cli
stored evaluation: 937d1c2f9f0a:web
stored evaluation: 35c40aa7d868:web
stored evaluation: ae2f6f82fd2b:web
stored evaluation: 96e33219dd73:web
stored evaluation: 6641960eaca0:cli
stored evaluation: bebddfdd375b:cli
stored evaluation: test_build_123:cli
stored evaluation: 61d5eedfe421:web
stored evaluation: 4667dd850010:web
stored evaluation: b557af4b22e3:web
stored evaluation: 4b0754bf532f:web
stored evaluation: c48be39551db:cli
stored evaluation: 3b5951aa6092:cli
stored evaluation: test_build_123:cli
stored evaluation: e7de2442bcb1:web
stored evaluation: 2fb4508ae533:web
stored evaluation: d390e1d00836:web
stored evaluation: 1ffb99463406:web
stored evaluation: a0fa793e686d:cli
stored evaluation: fe3993b7c05a:cli
stored evaluation: test_build_123:cli
stored evaluation: d777b1578f8e:web
stored evaluation: a2df365c1f5c:web
stored evaluation: 9c7f0e93f435:web
stored evaluation: 2bde3074826b:web
stored evaluation: 199a0fb5f1ad:cli
stored evaluation: b035696916fe:cli
stored evaluation: test_build_123:cli
stored evaluation: ba3c6cc2857b:web
stored evaluation: 1e8104452ced:web
stored evaluation: d83f614560f3:web
stored evaluation: 9370658e3148:web
stored evaluation: 1d8fd22d3293:cli
stored evaluation: 6c81f047e56e:cli
stored evaluation: test_build_123:cli
stored evaluation: d04a1145ad88:web
stored evaluation: b14cef85855e:web
stored evaluation: 3127773f97cf:web
stored evaluation: fb65fbd81c1a:web
stored evaluation: 1a58c0331213:cli
stored evaluation: 748ed21837da:cli
stored evaluation: test_build_123:cli
stored evaluation: d6625bca0f2c:web
stored evaluation: 31999b548f9c:web
stored evaluation: 1b7dad74e926:web
stored evaluation: 28d474058ef2:web
stored evaluation: 2d357a1aab38:cli
stored evaluation: 8be10bf17d40:cli
stored evaluation: test_build_123:cli
stored evaluation: 859cf429e60e:web
stored evaluation: 3fe53771e523:web
stored evaluation: 4ec6c0807d2b:web
stored evaluation: e8ceb03d793e:web
stored evaluation: 815e0fd89358:cli
stored evaluation: 242b4c739f3e:cli
stored evaluation: test_build_123:cli
stored evaluation: 840278678d87:web
stored evaluation: b496f50d8a07:web
stored evaluation: d099a9cde92c:web
stored evaluation: af33ce584f9a:web
stored evaluation: 0df21a3cd583:cli
stored evaluation: 7e0ea6768d41:cli
stored evaluation: e5ce448e0a7b:web
stored evaluation: 4187d3eca776:web
stored evaluation: d8f21d21461e:web
stored evaluation: ddee3e45bfc3:cli
stored evaluation: 8ffc9f21112e:cli
stored evaluation: 1ae648fc4898:web
stored evaluation: 7716357efdd8:web
stored evaluation: 40abc61da60d:web
stored evaluation: 400441e1a816:cli
stored evaluation: fe73705db7b1:cli
stored evaluation: test_build_123:cli
stored evaluation: da6a89c18d60:web
stored evaluation: 0579cca46e12:web
stored evaluation: 52851aad5ba2:web
stored evaluation: c5238501f519:web
stored evaluation: f860d3499a4c:cli
stored evaluation: a94242aa9e73:cli
stored evaluation: test_build_123:cli
stored evaluation: 825256f59aff:web
stored evaluation: fd691ce9db1c:web
stored evaluation: 61e58a793cb3:web
stored evaluation: 7ad52bb42fa0:web
stored evaluation: 6c2698390f9a:cli
stored evaluation: e5242f0ea0be:cli
stored evaluation: test_build_123:cli
stored evaluation: 348b2568e076:web
stored evaluation: e37b7fe12822:web
stored evaluation: dc831bee8997:web
stored evaluation: d062c06b8a76:web
stored evaluation: b1810cf0974f:cli
stored evaluation: bed289dcc738:cli
stored evaluation: test_build_123:cli
stored evaluation: c5dabbc9c15e:web
stored evaluation: a5ee6f145717:web
stored evaluation: 4262e2a82757:web
stored evaluation: f3ec72b82de1:web
stored evaluation: a42e3e9d5b62:cli
stored evaluation: 6c2fb1515e04:cli
stored evaluation: test_build_123:cli
stored evaluation: 185400ff88c0:web
stored evaluation: 36146b055034:web
stored evaluation: b3afa69b5442:web
stored evaluation: 77e95420a90f:web
stored evaluation: 0a2803b3d2c7:cli
stored evaluation: 3eb229ac9498:cli
stored evaluation: test_build_123:cli
stored evaluation: 4acdaa1d4e35:web
stored evaluation: 8d8a04cc010d:web
stored evaluation: 523be77ec236:web
stored evaluation: 2d18313c5acb:web
stored evaluation: 4ef9c9f0acab:cli
stored evaluation: c7b48e204585:cli
stored evaluation: test_build_123:cli
stored evaluation: 5cf370907a02:web
stored evaluation: 7f0c721a175d:web
stored evaluation: 50468d54ab85:web
stored evaluation: 9a17fe33b4d0:web
stored evaluation: 83e87d08e173:cli
stored evaluation: f4e31e17d9a8:cli
stored evaluation: test_build_123:cli
stored evaluation: 19c8409ac101:web
stored evaluation: e5b715030130:web
stored evaluation: f04d28921bbc:web
stored evaluation: b46fc35de021:web
stored evaluation: d250408c13ba:cli
stored evaluation: e5fba6f3129e:cli
stored evaluation: 701b8033827c:web
stored evaluation: 03951f3e0ba5:web
stored evaluation: 8d4bc1aba5b3:web
stored evaluation: 0918e712df60:cli
stored evaluation: e5a618c6e191:cli
stored evaluation: test_build_123:cli
stored evaluation: d579d85db007:web
stored evaluation: 661193a9fc0d:web
stored evaluation: 6f0456d2118f:web
stored evaluation: 9798f9b894a5:web
stored evaluation: aa9c5fde45fe:cli
stored evaluation: cc54597fa6db:cli
stored evaluation: test_build_123:cli
stored evaluation: 3516d6f3ed9f:web
stored evaluation: 1b1b224afcbf:web
stored evaluation: 135638f511cf:web
stored evaluation: 510c6157ef32:web
stored evaluation: 208a25e21f80:cli
stored evaluation: f92bcef6ffa7:cli
stored evaluation: baffdb366fb4:web
stored evaluation: 8c3506c32ea1:web
stored evaluation: a7cdbe7332cc:web
stored evaluation: 0830692ac337:cli
stored evaluation: 101da55dddf5:cli
stored evaluation: 5227d3eca9b8:web
stored evaluation: d7fee0d4eab4:web
stored evaluation: 993c356d76d0:web
stored evaluation: 8a314209aa2a:cli
stored evaluation: 5f3d90e9e0bc:cli
stored evaluation: test_build_123:cli
stored evaluation: 4c6409026203:web
stored evaluation: 9598a470b3c4:web
stored evaluation: b5e3d7eb9acd:web
stored evaluation: 4f3c427adcc0:web
stored evaluation: f8839eee8ef4:cli
stored evaluation: 675fa4e9ba8a:cli
stored evaluation: test_build_123:cli
stored evaluation: df1455c2ce6c:web
stored evaluation: cfc4ec7a5b3f:web
stored evaluation: 071516f9692d:web
stored evaluation: 9eb6be259a7e:cli
stored evaluation: 38235eace5b6:cli
stored evaluation: test_build_123:cli
stored evaluation: b9e7ac6b9dc5:web
stored evaluation: b0519da6c311:web
stored evaluation: bd873cec1d4a:web
