[Toggle] mock_mode=False
[Toggle] mock_mode=False
[Toggle] mock_mode=True
[Toggle] mock_mode=False
[Toggle] mock_mode=True
[Toggle] mock_mode=False
[Toggle] mock_mode=False
[Toggle] mock_mode=True
[Toggle] mock_mode=True
[Toggle] mock_mode=False
[Toggle] mock_mode=True
[Toggle] mock_mode=False
[Toggle] mock_mode=False
[Toggle] mock_mode=False
[2025-11-02T22:09:24Z] [Toggle] mock_mode=False
[2025-11-02T22:10:11Z] [Toggle] mock_mode=False
[2025-11-02T22:10:14Z] [Toggle] mock_mode=True
[2025-11-02T22:16:08Z] [Toggle] mock_mode=False
[2025-11-02T22:16:19Z] [Toggle] mock_mode=True
[2025-11-02T22:16:27Z] [Toggle] mock_mode=False
[2025-11-02T22:17:15Z] [Toggle] mock_mode=True
[2025-11-02T22:17:15Z] [Toggle] mock_mode=False
[2025-11-02T22:21:12Z] [Toggle] mock_mode=False
[2025-11-02T22:21:17Z] +2043 tokens ≈ $0.02043 (live)
[2025-11-02T22:21:21Z] +1908 tokens ≈ $0.01908 (live)
[2025-11-02T22:21:22Z] +1729 tokens ≈ $0.01729 (live)
