{"ts": "2025-10-18T18:41:35Z", "build_id": "c9ce3f1f3348", "domain": "web", "passed": true, "summary": "index.html and README present."}
{"ts": "2025-10-18T18:41:57Z", "build_id": "a4ad9b376900", "domain": "web", "passed": false, "summary": "ASGI call failed: asyncio.run() cannot be called from a running event loop"}
{"ts": "2025-10-18T18:45:24Z", "build_id": "87d672d26ef7", "domain": "web", "passed": true, "summary": "index.html and README present."}
{"ts": "2025-10-18T18:45:25Z", "build_id": "2e6bad3ea754", "domain": "web", "passed": false, "summary": "ASGI call failed: asyncio.run() cannot be called from a running event loop"}
{"ts": "2025-10-18T18:45:48Z", "build_id": "58da8f1acb96", "domain": "web", "passed": true, "summary": "index.html and README present."}
{"ts": "2025-10-18T18:45:49Z", "build_id": "4ad4d48ecb24", "domain": "web", "passed": false, "summary": "ASGI call failed: asyncio.run() cannot be called from a running event loop"}
{"ts": "2025-10-18T18:49:32Z", "build_id": "7b752159bcf8", "domain": "web", "passed": true, "summary": "index.html and README present."}
{"ts": "2025-10-18T18:49:53Z", "build_id": "de5ea8e66123", "domain": "web", "passed": false, "summary": "ASGI evaluation failed: asyncio.run() cannot be called from a running event loop"}
{"ts": "2025-10-18T19:13:54Z", "build_id": "75502522be44", "domain": "web", "passed": true, "summary": "index.html and README present."}
{"ts": "2025-10-18T19:14:16Z", "build_id": "ca1182975801", "domain": "web", "passed": false, "summary": "ASGI evaluation failed: asyncio.run() cannot be called from a running event loop"}
{"ts": "2025-10-18T19:20:25Z", "build_id": "5bc50096d38f", "domain": "web", "passed": true, "summary": "index.html and README present."}
{"ts": "2025-10-18T19:20:47Z", "build_id": "413f0e88420c", "domain": "web", "passed": false, "summary": "ASGI evaluation failed: asyncio.run() cannot be called from a running event loop"}
{"ts": "2025-10-18T19:31:14Z", "build_id": "e334b0cdb6b1", "domain": "web", "passed": false, "summary": "ASGI evaluation failed: asyncio.run() cannot be called from a running event loop"}
{"ts": "2025-10-18T19:35:32Z", "build_id": "4fe8afa2ed8e", "domain": "web", "passed": true, "summary": "index.html and README present."}
{"ts": "2025-10-18T19:35:55Z", "build_id": "b9ba020727a6", "domain": "web", "passed": false, "summary": "ASGI evaluation failed: 'ASGITransport' object has no attribute '__enter__'"}
{"ts": "2025-10-18T19:44:38Z", "build_id": "7c57da0e3142", "domain": "web", "passed": false, "summary": "ASGI evaluation failed: 'ASGITransport' object has no attribute '__enter__'"}
{"ts": "2025-10-18T19:47:19Z", "build_id": "495c1cd9947b", "domain": "web", "passed": true, "summary": "index.html and README present."}
{"ts": "2025-10-18T19:47:41Z", "build_id": "2deca0b9d04d", "domain": "web", "passed": true, "summary": "/hello: 200; /health: 200"}
{"ts": "2025-10-18T19:49:11Z", "build_id": "3a9246f0be90", "domain": "web", "passed": true, "summary": "/hello: 200; /health: 200"}
{"ts": "2025-10-18T19:59:50Z", "build_id": "63f8eddc5edd", "domain": "web", "passed": true, "summary": "index.html and README present."}
{"ts": "2025-10-18T20:00:05Z", "build_id": "ceadeb843a2c", "domain": "web", "passed": true, "summary": "index.html and README present."}
{"ts": "2025-10-18T20:00:05Z", "build_id": "f18f6ccca16f", "domain": "web", "passed": true, "summary": "/hello: 200; /health: 200"}
{"ts": "2025-10-18T20:00:08Z", "build_id": "f8c141a6a426", "domain": "cli", "passed": true, "summary": "CLI entry detected (argparse: True)."}
{"ts": "2025-10-18T20:00:08Z", "build_id": "ca0e4f8db8fb", "domain": "cli", "passed": true, "summary": "CLI entry detected (argparse: True)."}
{"ts": "2025-10-18T20:00:15Z", "build_id": "02fc3f1078a1", "domain": "web", "passed": true, "summary": "/hello: 200; /health: 200"}
{"ts": "2025-10-18T20:00:35Z", "build_id": "64df9b04a323", "domain": "web", "passed": true, "summary": "index.html and README present."}
{"ts": "2025-10-18T20:00:50Z", "build_id": "539617885c69", "domain": "web", "passed": true, "summary": "index.html and README present."}
{"ts": "2025-10-18T20:00:50Z", "build_id": "84edebf80675", "domain": "web", "passed": true, "summary": "/hello: 200; /health: 200"}
{"ts": "2025-10-18T20:00:52Z", "build_id": "4362b92e0077", "domain": "cli", "passed": true, "summary": "CLI entry detected (argparse: True)."}
{"ts": "2025-10-18T20:00:52Z", "build_id": "471bb0401fd7", "domain": "cli", "passed": true, "summary": "CLI entry detected (argparse: True)."}
{"ts": "2025-10-18T20:01:00Z", "build_id": "b79a21937f22", "domain": "web", "passed": true, "summary": "/hello: 200; /health: 200"}
{"ts": "2025-10-18T20:06:20Z", "build_id": "03bcbfaa27a1", "domain": "web", "passed": true, "summary": "index.html and README present."}
{"ts": "2025-10-18T20:06:35Z", "build_id": "2471943bc3e4", "domain": "web", "passed": true, "summary": "index.html and README present."}
{"ts": "2025-10-18T20:06:35Z", "build_id": "7c6e927630f8", "domain": "web", "passed": true, "summary": "/hello: 200; /health: 200"}
{"ts": "2025-10-18T20:06:38Z", "build_id": "5670a6e76550", "domain": "cli", "passed": true, "summary": "CLI entry detected (argparse: True)."}
{"ts": "2025-10-18T20:06:38Z", "build_id": "4f070da8167d", "domain": "cli", "passed": true, "summary": "CLI entry detected (argparse: True)."}
{"ts": "2025-10-18T20:06:46Z", "build_id": "85e802100615", "domain": "web", "passed": true, "summary": "/hello: 200; /health: 200"}
{"ts": "2025-10-18T20:08:21Z", "build_id": "18017ae03063", "domain": "web", "passed": true, "summary": "index.html and README present."}
{"ts": "2025-10-18T20:08:35Z", "build_id": "75e9bfdff0fa", "domain": "web", "passed": true, "summary": "index.html and README present."}
{"ts": "2025-10-18T20:08:35Z", "build_id": "bdd1818864d5", "domain": "web", "passed": true, "summary": "/hello: 200; /health: 200"}
{"ts": "2025-10-18T20:08:38Z", "build_id": "57a674dbf302", "domain": "cli", "passed": true, "summary": "CLI entry detected (argparse: True)."}
{"ts": "2025-10-18T20:08:38Z", "build_id": "d9bef969f74f", "domain": "cli", "passed": true, "summary": "CLI entry detected (argparse: True)."}
{"ts": "2025-10-18T20:08:45Z", "build_id": "76c134928673", "domain": "web", "passed": true, "summary": "/hello: 200; /health: 200"}
{"ts": "2025-10-18T20:08:47Z", "build_id": "59af46eafb1c", "domain": "web", "passed": true, "summary": "/hello: 200; /health: 200"}
{"ts": "2025-10-18T20:08:47Z", "build_id": "1d112f59ae43", "domain": "web", "passed": true, "summary": "/hello: 200; /health: 200"}
{"ts": "2025-10-18T20:08:47Z", "build_id": "e6050703f5aa", "domain": "web", "passed": true, "summary": "/hello: 200; /health: 200"}
{"ts": "2025-10-18T20:08:47Z", "build_id": "0958f77ff31c", "domain": "web", "passed": true, "summary": "/hello: 200; /health: 200"}
{"ts": "2025-10-18T20:08:47Z", "build_id": "e83cc345ff92", "domain": "web", "passed": true, "summary": "/hello: 200; /health: 200"}
{"ts": "2025-10-18T20:08:47Z", "build_id": "18c9104b14e5", "domain": "web", "passed": true, "summary": "/hello: 200; /health: 200"}
{"ts": "2025-10-18T20:08:47Z", "build_id": "e2b555f02388", "domain": "web", "passed": true, "summary": "/hello: 200; /health: 200"}
{"ts": "2025-10-18T20:08:47Z", "build_id": "6cb73b470777", "domain": "web", "passed": true, "summary": "/hello: 200; /health: 200"}
{"ts": "2025-10-18T20:08:47Z", "build_id": "ba0fc17758af", "domain": "web", "passed": true, "summary": "/hello: 200; /health: 200"}
{"ts": "2025-10-18T20:08:47Z", "build_id": "9d20128999c5", "domain": "web", "passed": true, "summary": "/hello: 200; /health: 200"}
{"ts": "2025-10-18T20:14:33Z", "build_id": "1b24be247e84", "domain": "web", "passed": true, "summary": "index.html and README present."}
{"ts": "2025-10-18T20:14:48Z", "build_id": "a9722c98c78a", "domain": "web", "passed": true, "summary": "index.html and README present."}
{"ts": "2025-10-18T20:14:48Z", "build_id": "21e336409557", "domain": "web", "passed": true, "summary": "/hello: 200; /health: 200"}
{"ts": "2025-10-18T20:14:50Z", "build_id": "77a122a1b83f", "domain": "cli", "passed": true, "summary": "CLI entry detected (argparse: True)."}
{"ts": "2025-10-18T20:14:50Z", "build_id": "2984741776fd", "domain": "cli", "passed": true, "summary": "CLI entry detected (argparse: True)."}
{"ts": "2025-10-18T20:14:58Z", "build_id": "70d2b0202268", "domain": "web", "passed": true, "summary": "/hello: 200; /health: 200"}
{"ts": "2025-10-18T20:16:50Z", "build_id": "5d0fbaba6bec", "domain": "web", "passed": true, "summary": "/hello: 200; /health: 200"}
{"ts": "2025-10-18T20:16:50Z", "build_id": "757ada126a6e", "domain": "web", "passed": true, "summary": "/hello: 200; /health: 200"}
{"ts": "2025-10-18T20:16:50Z", "build_id": "febd4ce4a682", "domain": "web", "passed": true, "summary": "/hello: 200; /health: 200"}
{"ts": "2025-10-18T20:16:50Z", "build_id": "443debc05d2b", "domain": "web", "passed": true, "summary": "index.html and README present."}
{"ts": "2025-10-18T20:16:50Z", "build_id": "db05ead9745c", "domain": "web", "passed": true, "summary": "index.html and README present."}
{"ts": "2025-10-18T20:16:50Z", "build_id": "565620b3434a", "domain": "web", "passed": true, "summary": "/hello: 200; /health: 200"}
{"ts": "2025-10-18T20:16:50Z", "build_id": "54c5847d7350", "domain": "web", "passed": true, "summary": "index.html and README present."}
{"ts": "2025-10-18T20:16:50Z", "build_id": "bd154b50accd", "domain": "web", "passed": true, "summary": "index.html and README present."}
{"ts": "2025-10-18T20:16:50Z", "build_id": "80c213486256", "domain": "web", "passed": true, "summary": "/hello: 200; /health: 200"}
{"ts": "2025-10-18T20:16:50Z", "build_id": "768070c91f0f", "domain": "web", "passed": true, "summary": "/hello: 200; /health: 200"}
{"ts": "2025-10-18T20:19:22Z", "build_id": "d03eeaa877d3", "domain": "web", "passed": true, "summary": "index.html and README present."}
{"ts": "2025-10-18T20:19:36Z", "build_id": "aa0fa63d4cd9", "domain": "web", "passed": true, "summary": "index.html and README present."}
{"ts": "2025-10-18T20:19:36Z", "build_id": "12d0f196f037", "domain": "web", "passed": true, "summary": "/hello: 200; /health: 200"}
{"ts": "2025-10-18T20:19:39Z", "build_id": "950f37c490cc", "domain": "cli", "passed": true, "summary": "CLI entry detected (argparse: True)."}
{"ts": "2025-10-18T20:19:39Z", "build_id": "e006914652ce", "domain": "cli", "passed": true, "summary": "CLI entry detected (argparse: True)."}
{"ts": "2025-10-18T20:19:46Z", "build_id": "0145632017b7", "domain": "web", "passed": true, "summary": "/hello: 200; /health: 200"}
{"ts": "2025-10-18T20:20:58Z", "build_id": "8eaac868239b", "domain": "web", "passed": true, "summary": "/hello: 200; /health: 200"}
{"ts": "2025-10-18T20:20:58Z", "build_id": "2aac2620f1b0", "domain": "web", "passed": true, "summary": "/hello: 200; /health: 200"}
{"ts": "2025-10-18T20:20:58Z", "build_id": "f07e6803120f", "domain": "web", "passed": true, "summary": "/hello: 200; /health: 200"}
{"ts": "2025-10-18T20:20:58Z", "build_id": "4512c5e6df24", "domain": "web", "passed": true, "summary": "index.html and README present."}
{"ts": "2025-10-18T20:20:58Z", "build_id": "8195eae03426", "domain": "web", "passed": true, "summary": "index.html and README present."}
{"ts": "2025-10-18T20:20:58Z", "build_id": "67e8b80b5bcd", "domain": "web", "passed": true, "summary": "index.html and README present."}
{"ts": "2025-10-18T20:20:58Z", "build_id": "afb2d987cc5a", "domain": "web", "passed": true, "summary": "/hello: 200; /health: 200"}
{"ts": "2025-10-18T20:20:58Z", "build_id": "2d556fac95ef", "domain": "web", "passed": true, "summary": "/hello: 200; /health: 200"}
{"ts": "2025-10-18T20:20:58Z", "build_id": "74bc0ddc24fc", "domain": "web", "passed": true, "summary": "index.html and README present."}
{"ts": "2025-10-18T20:20:58Z", "build_id": "5029ba3050ec", "domain": "web", "passed": true, "summary": "/hello: 200; /health: 200"}
{"ts": "2025-10-18T20:21:07Z", "build_id": "be615b5c28be", "domain": "cli", "passed": true, "summary": "CLI entry detected (argparse: True)."}
{"ts": "2025-10-18T20:21:07Z", "build_id": "1c72aa660752", "domain": "cli", "passed": true, "summary": "CLI entry detected (argparse: True)."}
{"ts": "2025-10-18T20:21:07Z", "build_id": "048cf45673ae", "domain": "web", "passed": true, "summary": "index.html and README present."}
{"ts": "2025-10-18T20:29:12Z", "build_id": "3d4c64bf41ea", "domain": "web", "passed": true, "summary": "index.html and README present."}
{"ts": "2025-10-18T20:29:26Z", "build_id": "7bc398030324", "domain": "web", "passed": true, "summary": "index.html and README present."}
{"ts": "2025-10-18T20:29:26Z", "build_id": "c0eb6b2741ba", "domain": "web", "passed": true, "summary": "/hello: 200; /health: 200"}
{"ts": "2025-10-18T20:29:32Z", "build_id": "8d1a0d7d49bd", "domain": "cli", "passed": true, "summary": "CLI entry detected (argparse: True)."}
{"ts": "2025-10-18T20:29:32Z", "build_id": "42bf1a95b783", "domain": "cli", "passed": true, "summary": "CLI entry detected (argparse: True)."}
{"ts": "2025-10-18T20:29:40Z", "build_id": "7152227630d9", "domain": "web", "passed": true, "summary": "/hello: 200; /health: 200"}
{"ts": "2025-10-18T20:39:36Z", "build_id": "f7fe09cb96e2", "domain": "web", "passed": true, "summary": "index.html and README present."}
{"ts": "2025-10-18T20:39:50Z", "build_id": "14dd1473d9e8", "domain": "web", "passed": true, "summary": "index.html and README present."}
{"ts": "2025-10-18T20:39:50Z", "build_id": "cd9885704106", "domain": "web", "passed": true, "summary": "/hello: 200; /health: 200"}
{"ts": "2025-10-18T20:39:56Z", "build_id": "fe70fc181a05", "domain": "cli", "passed": true, "summary": "CLI entry detected (argparse: True)."}
{"ts": "2025-10-18T20:39:56Z", "build_id": "f9f2f8fa0371", "domain": "cli", "passed": true, "summary": "CLI entry detected (argparse: True)."}
{"ts": "2025-10-18T20:40:03Z", "build_id": "0c69855a80a2", "domain": "web", "passed": true, "summary": "/hello: 200; /health: 200"}
{"ts": "2025-10-18T20:45:53Z", "build_id": "e9134ba2bdea", "domain": "web", "passed": true, "summary": "index.html and README present."}
{"ts": "2025-10-18T20:46:08Z", "build_id": "9800d52eca59", "domain": "web", "passed": true, "summary": "index.html and README present."}
{"ts": "2025-10-18T20:46:08Z", "build_id": "79700ef308e4", "domain": "web", "passed": true, "summary": "/hello: 200; /health: 200"}
{"ts": "2025-10-18T20:46:13Z", "build_id": "83046f0ba8c7", "domain": "cli", "passed": true, "summary": "CLI entry detected (argparse: True)."}
{"ts": "2025-10-18T20:46:13Z", "build_id": "55f99d8074ee", "domain": "cli", "passed": true, "summary": "CLI entry detected (argparse: True)."}
{"ts": "2025-10-18T20:46:21Z", "build_id": "9b09af2c14bf", "domain": "web", "passed": true, "summary": "/hello: 200; /health: 200"}
{"ts": "2025-10-18T21:10:37Z", "build_id": "df005a9ce403", "domain": "web", "passed": true, "summary": "index.html and README present."}
{"ts": "2025-10-18T21:10:51Z", "build_id": "54b16aca1b27", "domain": "web", "passed": true, "summary": "index.html and README present."}
{"ts": "2025-10-18T21:10:51Z", "build_id": "9ff5e10e164d", "domain": "web", "passed": true, "summary": "/hello: 200; /health: 200"}
{"ts": "2025-10-18T21:10:57Z", "build_id": "a470b7c01a3b", "domain": "cli", "passed": true, "summary": "CLI entry detected (argparse: True)."}
{"ts": "2025-10-18T21:10:57Z", "build_id": "1e2cfadc944b", "domain": "cli", "passed": true, "summary": "CLI entry detected (argparse: True)."}
{"ts": "2025-10-18T21:11:04Z", "build_id": "db72e2adf9b3", "domain": "web", "passed": true, "summary": "/hello: 200; /health: 200"}
{"ts": "2025-10-18T21:22:18Z", "build_id": "c15e5c7d3904", "domain": "web", "passed": true, "summary": "index.html and README present."}
{"ts": "2025-10-18T21:22:33Z", "build_id": "96f9d5718f88", "domain": "web", "passed": true, "summary": "index.html and README present."}
{"ts": "2025-10-18T21:22:33Z", "build_id": "2687cf15fa5f", "domain": "web", "passed": true, "summary": "/hello: 200; /health: 200"}
{"ts": "2025-10-18T21:22:38Z", "build_id": "c107658d49a4", "domain": "cli", "passed": true, "summary": "CLI entry detected (argparse: True)."}
{"ts": "2025-10-18T21:22:38Z", "build_id": "4ec5ead6be37", "domain": "cli", "passed": true, "summary": "CLI entry detected (argparse: True)."}
{"ts": "2025-10-18T21:22:46Z", "build_id": "5f7fc7f695aa", "domain": "web", "passed": true, "summary": "/hello: 200; /health: 200"}
{"ts": "2025-10-18T22:06:47Z", "build_id": "020ca7da3901", "domain": "web", "passed": true, "summary": "index.html and README present."}
{"ts": "2025-10-18T22:07:01Z", "build_id": "6bd6200e76cc", "domain": "web", "passed": true, "summary": "index.html and README present."}
{"ts": "2025-10-18T22:07:01Z", "build_id": "f0688a393aa5", "domain": "web", "passed": true, "summary": "/hello: 200; /health: 200"}
{"ts": "2025-10-18T22:07:07Z", "build_id": "b47b6d7f2cb0", "domain": "cli", "passed": true, "summary": "CLI entry detected (argparse: True)."}
{"ts": "2025-10-18T22:07:07Z", "build_id": "a9114eacfe8f", "domain": "cli", "passed": true, "summary": "CLI entry detected (argparse: True)."}
{"ts": "2025-10-18T22:07:15Z", "build_id": "574dde20c70e", "domain": "web", "passed": true, "summary": "/hello: 200; /health: 200"}
{"ts": "2025-10-18T22:16:01Z", "build_id": "504214402607", "domain": "web", "passed": true, "summary": "index.html and README present."}
{"ts": "2025-10-18T23:29:30Z", "build_id": "b8e1814eb359", "domain": "web", "passed": true, "summary": "/hello: 200; /health: 200"}
{"ts": "2025-10-21T20:59:30Z", "build_id": "33d735ed064f", "domain": "web", "passed": true, "summary": "/hello: 200; /health: 200"}
{"ts": "2025-10-21T21:02:01Z", "build_id": "8a3a1d8f46d7", "domain": "web", "passed": true, "summary": "/hello: 200; /health: 200"}
{"ts": "2025-10-21T21:09:40Z", "build_id": "12e75b44da30", "domain": "web", "passed": true, "summary": "index.html and README present."}
{"ts": "2025-10-21T21:11:21Z", "build_id": "1a80b8076ab9", "domain": "web", "passed": true, "summary": "/hello: 200; /health: 200"}
{"ts": "2025-10-21T21:16:44Z", "build_id": "79bfc860967d", "domain": "web", "passed": true, "summary": "/hello: 200; /health: 200"}
{"ts": "2025-10-21T23:00:02Z", "build_id": "a92f283e0387", "domain": "web", "passed": true, "summary": "/hello: 200; /health: 200"}
{"ts": "2025-10-21T23:00:03Z", "build_id": "184e5f595b0d", "domain": "web", "passed": true, "summary": "/hello: 200; /health: 200"}
{"ts": "2025-10-21T23:00:03Z", "build_id": "68deee482bf3", "domain": "web", "passed": true, "summary": "/hello: 200; /health: 200"}
{"ts": "2025-10-21T23:00:03Z", "build_id": "80216a221835", "domain": "web", "passed": true, "summary": "index.html and README present."}
{"ts": "2025-10-21T23:00:03Z", "build_id": "0b55751db581", "domain": "web", "passed": true, "summary": "index.html and README present."}
{"ts": "2025-10-21T23:00:03Z", "build_id": "885fb7c008d1", "domain": "web", "passed": true, "summary": "/hello: 200; /health: 200"}
{"ts": "2025-10-21T23:00:03Z", "build_id": "dab2ad160afd", "domain": "web", "passed": true, "summary": "/hello: 200; /health: 200"}
{"ts": "2025-10-21T23:00:03Z", "build_id": "d3177d9e326b", "domain": "web", "passed": true, "summary": "index.html and README present."}
{"ts": "2025-10-21T23:00:03Z", "build_id": "cf232cd5a83a", "domain": "web", "passed": true, "summary": "index.html and README present."}
{"ts": "2025-10-21T23:00:03Z", "build_id": "27b9246d11a9", "domain": "web", "passed": true, "summary": "/hello: 200; /health: 200"}
{"ts": "2025-10-21T23:00:20Z", "build_id": "2fc408746f1f", "domain": "cli", "passed": true, "summary": "CLI entry detected (argparse: True)."}
{"ts": "2025-10-21T23:00:20Z", "build_id": "e09e6685835c", "domain": "cli", "passed": true, "summary": "CLI entry detected (argparse: True)."}
{"ts": "2025-10-21T23:00:20Z", "build_id": "63b22eac0ff5", "domain": "web", "passed": true, "summary": "index.html and README present."}
{"ts": "2025-10-21T23:01:44Z", "build_id": "e2440039262b", "domain": "web", "passed": true, "summary": "/hello: 200; /health: 200"}
{"ts": "2025-10-21T23:01:44Z", "build_id": "a6556957673b", "domain": "web", "passed": true, "summary": "/hello: 200; /health: 200"}
{"ts": "2025-10-21T23:01:44Z", "build_id": "eba377b2b59e", "domain": "web", "passed": true, "summary": "/hello: 200; /health: 200"}
{"ts": "2025-10-21T23:01:44Z", "build_id": "41ccaa72a099", "domain": "web", "passed": true, "summary": "index.html and README present."}
{"ts": "2025-10-21T23:01:44Z", "build_id": "3bf04ed30d17", "domain": "web", "passed": true, "summary": "index.html and README present."}
{"ts": "2025-10-21T23:01:44Z", "build_id": "f6bbbe9d8485", "domain": "web", "passed": true, "summary": "index.html and README present."}
{"ts": "2025-10-21T23:01:44Z", "build_id": "c4987b33ca77", "domain": "web", "passed": true, "summary": "index.html and README present."}
{"ts": "2025-10-21T23:01:44Z", "build_id": "7b87584c4546", "domain": "web", "passed": true, "summary": "/hello: 200; /health: 200"}
{"ts": "2025-10-21T23:01:44Z", "build_id": "bcbb0ad57873", "domain": "web", "passed": true, "summary": "/hello: 200; /health: 200"}
{"ts": "2025-10-21T23:01:44Z", "build_id": "1fe10f813285", "domain": "web", "passed": true, "summary": "/hello: 200; /health: 200"}
{"ts": "2025-10-21T23:02:01Z", "build_id": "56fdb187747c", "domain": "cli", "passed": true, "summary": "CLI entry detected (argparse: True)."}
{"ts": "2025-10-21T23:02:01Z", "build_id": "93a1be6fcf9a", "domain": "cli", "passed": true, "summary": "CLI entry detected (argparse: True)."}
{"ts": "2025-10-21T23:02:01Z", "build_id": "42127a5258fc", "domain": "web", "passed": true, "summary": "index.html and README present."}
{"ts": "2025-10-21T23:08:54Z", "build_id": "f5e577d074a8", "domain": "web", "passed": true, "summary": "index.html and README present."}
{"ts": "2025-10-21T23:09:09Z", "build_id": "c6444f68aadd", "domain": "web", "passed": true, "summary": "index.html and README present."}
{"ts": "2025-10-21T23:09:09Z", "build_id": "462ebe9fbb62", "domain": "web", "passed": true, "summary": "/hello: 200; /health: 200"}
{"ts": "2025-10-21T23:09:15Z", "build_id": "01e1f9e74833", "domain": "cli", "passed": true, "summary": "CLI entry detected (argparse: True)."}
{"ts": "2025-10-21T23:09:15Z", "build_id": "612a4a0f2a83", "domain": "cli", "passed": true, "summary": "CLI entry detected (argparse: True)."}
{"ts": "2025-10-21T23:09:22Z", "build_id": "1bc627c2ae31", "domain": "web", "passed": true, "summary": "/hello: 200; /health: 200"}
{"ts": "2025-10-21T23:13:15Z", "build_id": "7971702fdf72", "domain": "web", "passed": true, "summary": "index.html and README present."}
{"ts": "2025-10-21T23:13:30Z", "build_id": "1d25f1641ee7", "domain": "web", "passed": true, "summary": "index.html and README present."}
{"ts": "2025-10-21T23:13:30Z", "build_id": "322e7f33040c", "domain": "web", "passed": true, "summary": "/hello: 200; /health: 200"}
{"ts": "2025-10-21T23:13:36Z", "build_id": "17d6799ac5f3", "domain": "cli", "passed": true, "summary": "CLI entry detected (argparse: True)."}
{"ts": "2025-10-21T23:13:36Z", "build_id": "bc98025f0751", "domain": "cli", "passed": true, "summary": "CLI entry detected (argparse: True)."}
{"ts": "2025-10-21T23:14:08Z", "build_id": "a90bafaa5548", "domain": "web", "passed": true, "summary": "/hello: 200; /health: 200"}
{"ts": "2025-10-21T23:19:24Z", "build_id": "d7d17a109727", "domain": "web", "passed": true, "summary": "index.html and README present."}
{"ts": "2025-10-21T23:19:38Z", "build_id": "848ebfd0a016", "domain": "web", "passed": true, "summary": "index.html and README present."}
{"ts": "2025-10-21T23:19:38Z", "build_id": "b79d5095ab91", "domain": "web", "passed": true, "summary": "/hello: 200; /health: 200"}
{"ts": "2025-10-21T23:19:44Z", "build_id": "06a5ffbaba64", "domain": "cli", "passed": true, "summary": "CLI entry detected (argparse: True)."}
{"ts": "2025-10-21T23:19:44Z", "build_id": "372af3711f07", "domain": "cli", "passed": true, "summary": "CLI entry detected (argparse: True)."}
{"ts": "2025-10-21T23:20:03Z", "build_id": "175fb7eec86f", "domain": "web", "passed": true, "summary": "/hello: 200; /health: 200"}
{"ts": "2025-10-21T23:20:17Z", "build_id": "3595a4ddd3b4", "domain": "web", "passed": true, "summary": "index.html and README present."}
{"ts": "2025-10-21T23:20:31Z", "build_id": "29ef301c1628", "domain": "web", "passed": true, "summary": "index.html and README present."}
{"ts": "2025-10-21T23:20:31Z", "build_id": "60dade35c696", "domain": "web", "passed": true, "summary": "/hello: 200; /health: 200"}
{"ts": "2025-10-21T23:20:37Z", "build_id": "b0a16626cb83", "domain": "cli", "passed": true, "summary": "CLI entry detected (argparse: True)."}
{"ts": "2025-10-21T23:20:37Z", "build_id": "3d333e6567ed", "domain": "cli", "passed": true, "summary": "CLI entry detected (argparse: True)."}
{"ts": "2025-10-21T23:21:43Z", "build_id": "404fe50fa9a9", "domain": "web", "passed": true, "summary": "/hello: 200; /health: 200"}
{"ts": "2025-10-21T23:21:59Z", "build_id": "034a8e45048e", "domain": "web", "passed": true, "summary": "index.html and README present."}
{"ts": "2025-10-21T23:22:13Z", "build_id": "5e2362d26b94", "domain": "web", "passed": true, "summary": "index.html and README present."}
{"ts": "2025-10-21T23:22:13Z", "build_id": "79295e4bbacf", "domain": "web", "passed": true, "summary": "/hello: 200; /health: 200"}
{"ts": "2025-10-21T23:22:19Z", "build_id": "70f634049e8d", "domain": "cli", "passed": true, "summary": "CLI entry detected (argparse: True)."}
{"ts": "2025-10-21T23:22:19Z", "build_id": "368da270c8a8", "domain": "cli", "passed": true, "summary": "CLI entry detected (argparse: True)."}
{"ts": "2025-10-21T23:23:24Z", "build_id": "95dea40a89c0", "domain": "web", "passed": true, "summary": "/hello: 200; /health: 200"}
{"ts": "2025-10-21T23:28:59Z", "build_id": "2d5896bfe7d7", "domain": "web", "passed": false, "summary": "/hello: 404; /health: 200"}
{"ts": "2025-10-21T23:30:07Z", "build_id": "7ebc1b1086c6", "domain": "web", "passed": true, "summary": "index.html and README present."}
{"ts": "2025-10-22T19:40:38Z", "build_id": "c10a55526fc6", "domain": "web", "passed": true, "summary": "/hello: 200; /health: 200"}
{"ts": "2025-10-22T19:41:26Z", "build_id": "c7902bb711c3", "domain": "web", "passed": true, "summary": "/hello: 200; /health: 200"}
{"ts": "2025-10-22T19:41:31Z", "build_id": "c3c12e7b63a0", "domain": "cli", "passed": true, "summary": "CLI entry detected (argparse: True)."}
{"ts": "2025-10-22T19:41:31Z", "build_id": "0f581edec87c", "domain": "ml", "passed": true, "summary": "Notebook found (cells: True)."}
{"ts": "2025-10-22T19:42:46Z", "build_id": "be7002a86dca", "domain": "web", "passed": true, "summary": "/hello: 200; /health: 200"}
{"ts": "2025-10-22T19:43:16Z", "build_id": "18a229aaee1d", "domain": "web", "passed": true, "summary": "/hello: 200; /health: 200"}
{"ts": "2025-10-22T19:44:01Z", "build_id": "c04d807943bc", "domain": "web", "passed": true, "summary": "index.html and README present."}
{"ts": "2025-10-22T19:44:16Z", "build_id": "af7f6ae00c5d", "domain": "web", "passed": true, "summary": "index.html and README present."}
{"ts": "2025-10-22T19:44:16Z", "build_id": "93d9cc5e0af3", "domain": "web", "passed": true, "summary": "/hello: 200; /health: 200"}
{"ts": "2025-10-22T19:44:22Z", "build_id": "f27d47ddaf2a", "domain": "cli", "passed": true, "summary": "CLI entry detected (argparse: True)."}
{"ts": "2025-10-22T19:44:22Z", "build_id": "6e8da228c614", "domain": "cli", "passed": true, "summary": "CLI entry detected (argparse: True)."}
{"ts": "2025-10-22T19:45:35Z", "build_id": "3fcc64d9d671", "domain": "web", "passed": true, "summary": "/hello: 200; /health: 200"}
{"ts": "2025-10-22T20:58:00Z", "build_id": "e5db82bb2dc4", "domain": "web", "passed": true, "summary": "index.html and README present."}
{"ts": "2025-10-22T20:58:15Z", "build_id": "422575e121ac", "domain": "web", "passed": true, "summary": "index.html and README present."}
{"ts": "2025-10-22T20:58:15Z", "build_id": "8e65927c371f", "domain": "web", "passed": true, "summary": "/hello: 200; /health: 200"}
{"ts": "2025-10-22T20:58:20Z", "build_id": "837fc75b583f", "domain": "cli", "passed": true, "summary": "CLI entry detected (argparse: True)."}
{"ts": "2025-10-22T20:58:20Z", "build_id": "3f886af5ae5f", "domain": "cli", "passed": true, "summary": "CLI entry detected (argparse: True)."}
{"ts": "2025-10-22T20:59:33Z", "build_id": "e790fda4bf8b", "domain": "web", "passed": true, "summary": "/hello: 200; /health: 200"}
{"ts": "2025-10-22T21:20:05Z", "build_id": "0b4f0d46c889", "domain": "web", "passed": true, "summary": "index.html and README present."}
{"ts": "2025-10-22T21:20:20Z", "build_id": "257e3040ecf7", "domain": "web", "passed": true, "summary": "index.html and README present."}
{"ts": "2025-10-22T21:20:20Z", "build_id": "a1dd7d4b9cf3", "domain": "web", "passed": true, "summary": "/hello: 200; /health: 200"}
{"ts": "2025-10-22T21:20:25Z", "build_id": "2dda208127d2", "domain": "cli", "passed": true, "summary": "CLI entry detected (argparse: True)."}
{"ts": "2025-10-22T21:20:25Z", "build_id": "e8792961a5e4", "domain": "cli", "passed": true, "summary": "CLI entry detected (argparse: True)."}
{"ts": "2025-10-22T21:21:47Z", "build_id": "e6356d2a25d7", "domain": "web", "passed": true, "summary": "/hello: 200; /health: 200"}
{"ts": "2025-10-22T21:55:45Z", "build_id": "a57d1e86e52e", "domain": "web", "passed": true, "summary": "index.html and README present."}
{"ts": "2025-10-22T21:55:59Z", "build_id": "14287f6b1aba", "domain": "web", "passed": true, "summary": "index.html and README present."}
{"ts": "2025-10-22T21:55:59Z", "build_id": "b42d410a0d4c", "domain": "web", "passed": true, "summary": "/hello: 200; /health: 200"}
{"ts": "2025-10-22T21:56:04Z", "build_id": "ac2b9a7ff090", "domain": "cli", "passed": true, "summary": "CLI entry detected (argparse: True)."}
{"ts": "2025-10-22T21:56:05Z", "build_id": "84a38e17373d", "domain": "cli", "passed": true, "summary": "CLI entry detected (argparse: True)."}
{"ts": "2025-10-22T21:57:15Z", "build_id": "ff7ecb1724cd", "domain": "web", "passed": true, "summary": "/hello: 200; /health: 200"}
{"ts": "2025-10-22T23:54:17Z", "build_id": "9451aaeb8167", "domain": "web", "passed": true, "summary": "index.html and README present."}
{"ts": "2025-10-22T23:54:31Z", "build_id": "2892ce17c29e", "domain": "web", "passed": true, "summary": "index.html and README present."}
{"ts": "2025-10-22T23:54:31Z", "build_id": "a29a15524fe9", "domain": "web", "passed": true, "summary": "/hello: 200; /health: 200"}
{"ts": "2025-10-22T23:54:37Z", "build_id": "7eeb6eb3e1aa", "domain": "cli", "passed": true, "summary": "CLI entry detected (argparse: True)."}
{"ts": "2025-10-22T23:54:37Z", "build_id": "dbc8932ae34d", "domain": "cli", "passed": true, "summary": "CLI entry detected (argparse: True)."}
{"ts": "2025-10-22T23:55:34Z", "build_id": "fbbeda4371fb", "domain": "web", "passed": true, "summary": "/hello: 200; /health: 200"}
{"ts": "2025-10-22T23:55:46Z", "build_id": "653f2b0da6e7", "domain": "web", "passed": false, "summary": "ASGI evaluation failed: attempted relative import with no known parent package"}
{"ts": "2025-10-22T23:56:37Z", "build_id": "17c29d5f5350", "domain": "web", "passed": false, "summary": "ASGI evaluation failed: attempted relative import with no known parent package"}
{"ts": "2025-10-22T23:57:27Z", "build_id": "372d1a9ee629", "domain": "web", "passed": false, "summary": "ASGI evaluation failed: No module named 'routes'"}
{"ts": "2025-10-22T23:57:59Z", "build_id": "a08c0ab60bb0", "domain": "web", "passed": false, "summary": "ASGI evaluation failed: No module named 'routes'"}
{"ts": "2025-10-22T23:58:26Z", "build_id": "5a0c4745c118", "domain": "web", "passed": false, "summary": "ASGI evaluation failed: unexpected indent (summary.py, line 23)"}
{"ts": "2025-10-22T23:59:31Z", "build_id": "67345fb8ca46", "domain": "web", "passed": false, "summary": "ASGI evaluation failed: unindent does not match any outer indentation level (summary.py, line 14)"}
{"ts": "2025-10-23T00:00:48Z", "build_id": "a5999350d641", "domain": "web", "passed": false, "summary": "ASGI evaluation failed: unexpected indent (summary.py, line 23)"}
{"ts": "2025-10-23T00:02:35Z", "build_id": "e7edf7f87374", "domain": "web", "passed": false, "summary": "ASGI evaluation failed: no such table: entries"}
{"ts": "2025-10-23T00:03:19Z", "build_id": "e7155b3bbe78", "domain": "web", "passed": false, "summary": "ASGI evaluation failed: no such table: entries"}
{"ts": "2025-10-23T00:04:16Z", "build_id": "3d8b116fec92", "domain": "web", "passed": false, "summary": "ASGI evaluation failed: ASGITransport.__init__() got an unexpected keyword argument 'lifespan'"}
{"ts": "2025-10-23T00:04:33Z", "build_id": "c6cb04068d0b", "domain": "web", "passed": false, "summary": "ASGI evaluation failed: ASGITransport.__init__() got an unexpected keyword argument 'lifespan'"}
{"ts": "2025-10-23T00:04:49Z", "build_id": "5ff2398a9352", "domain": "web", "passed": true, "summary": "/: 200; /history: 200; /summary: 200"}
{"ts": "2025-10-23T00:05:03Z", "build_id": "268beed789dd", "domain": "web", "passed": true, "summary": "index.html and README present."}
{"ts": "2025-10-23T00:05:18Z", "build_id": "39e7aa063edb", "domain": "web", "passed": true, "summary": "index.html and README present."}
{"ts": "2025-10-23T00:05:18Z", "build_id": "e15452fb2c33", "domain": "web", "passed": true, "summary": "/hello: 200; /health: 200"}
{"ts": "2025-10-23T00:05:23Z", "build_id": "e648133182a9", "domain": "cli", "passed": true, "summary": "CLI entry detected (argparse: True)."}
{"ts": "2025-10-23T00:05:23Z", "build_id": "41e25ec49c18", "domain": "cli", "passed": true, "summary": "CLI entry detected (argparse: True)."}
{"ts": "2025-10-23T00:06:52Z", "build_id": "b56288df424a", "domain": "web", "passed": true, "summary": "/hello: 200; /health: 200"}
{"ts": "2025-10-23T17:18:02Z", "build_id": "27cc53201621", "domain": "web", "passed": true, "summary": "index.html and README present."}
{"ts": "2025-10-23T17:18:16Z", "build_id": "c22859862c4a", "domain": "web", "passed": true, "summary": "index.html and README present."}
{"ts": "2025-10-23T17:18:16Z", "build_id": "6a69f7233da4", "domain": "web", "passed": true, "summary": "/hello: 200; /health: 200"}
{"ts": "2025-10-23T17:18:22Z", "build_id": "2ac9a7e8680d", "domain": "cli", "passed": true, "summary": "CLI entry detected (argparse: True)."}
{"ts": "2025-10-23T17:18:22Z", "build_id": "77465f17a687", "domain": "cli", "passed": true, "summary": "CLI entry detected (argparse: True)."}
{"ts": "2025-10-23T17:21:26Z", "build_id": "854a70ba91cf", "domain": "web", "passed": true, "summary": "/hello: 200; /health: 200"}
{"ts": "2025-10-23T17:21:46Z", "build_id": "2ad239c1a6aa", "domain": "web", "passed": false, "summary": "ASGI evaluation failed: Form data requires \"python-multipart\" to be installed. \nYou can install \"python-multipart\" with: \n\npip install python-multipart\n"}
{"ts": "2025-10-23T17:21:46Z", "build_id": "59efaeadb126", "domain": "cli", "passed": true, "summary": "CLI entry detected (argparse: True)."}
{"ts": "2025-10-23T17:21:46Z", "build_id": "4c49e15b4afd", "domain": "ml", "passed": true, "summary": "Notebook found (cells: True)."}
{"ts": "2025-10-23T17:21:46Z", "build_id": "cb8f9529b696", "domain": "web", "passed": true, "summary": "/hello: 200; /health: 200"}
{"ts": "2025-10-23T17:21:46Z", "build_id": "424359c13075", "domain": "web", "passed": false, "summary": "/: 200; /history: 404; /summary: 404"}
{"ts": "2025-10-23T17:21:46Z", "build_id": "c392a00ff7f6", "domain": "web", "passed": false, "summary": "ASGI evaluation failed: Form data requires \"python-multipart\" to be installed. \nYou can install \"python-multipart\" with: \n\npip install python-multipart\n"}
{"ts": "2025-10-23T17:21:46Z", "build_id": "19d153e40523", "domain": "web", "passed": false, "summary": "ASGI evaluation failed: Form data requires \"python-multipart\" to be installed. \nYou can install \"python-multipart\" with: \n\npip install python-multipart\n"}
{"ts": "2025-10-23T17:22:56Z", "build_id": "718e0d704276", "domain": "web", "passed": true, "summary": "/: 200; /history: 200; /summary: 200"}
{"ts": "2025-10-23T17:22:57Z", "build_id": "450854739f29", "domain": "cli", "passed": true, "summary": "CLI entry detected (argparse: True)."}
{"ts": "2025-10-23T17:22:57Z", "build_id": "807a86413767", "domain": "ml", "passed": true, "summary": "Notebook found (cells: True)."}
{"ts": "2025-10-23T17:22:57Z", "build_id": "8aee14577687", "domain": "web", "passed": true, "summary": "/hello: 200; /health: 200"}
{"ts": "2025-10-23T17:22:57Z", "build_id": "7d3fb2301eb9", "domain": "web", "passed": true, "summary": "/: 200; /history: 200; /summary: 200"}
{"ts": "2025-10-23T17:22:57Z", "build_id": "102371d00726", "domain": "web", "passed": true, "summary": "/: 200; /history: 200; /summary: 200"}
{"ts": "2025-10-23T17:22:57Z", "build_id": "9b009a60693a", "domain": "web", "passed": true, "summary": "/: 200; /history: 200; /summary: 200"}
{"ts": "2025-10-23T17:23:20Z", "build_id": "6fdca6b65114", "domain": "web", "passed": true, "summary": "/: 200; /history: 200; /summary: 200"}
{"ts": "2025-10-23T17:23:20Z", "build_id": "a96491d229b4", "domain": "cli", "passed": true, "summary": "CLI entry detected (argparse: True)."}
{"ts": "2025-10-23T17:23:20Z", "build_id": "9167dac218e1", "domain": "ml", "passed": true, "summary": "Notebook found (cells: True)."}
{"ts": "2025-10-23T17:23:20Z", "build_id": "380f0f250987", "domain": "web", "passed": true, "summary": "/hello: 200; /health: 200"}
{"ts": "2025-10-23T17:23:20Z", "build_id": "0d4cebe0abd8", "domain": "web", "passed": true, "summary": "/: 200; /history: 200; /summary: 200"}
{"ts": "2025-10-23T17:23:20Z", "build_id": "8a72cb2b9765", "domain": "web", "passed": true, "summary": "/: 200; /history: 200; /summary: 200"}
{"ts": "2025-10-23T17:23:20Z", "build_id": "381d8e8b6cba", "domain": "web", "passed": true, "summary": "/: 200; /history: 200; /summary: 200"}
{"ts": "2025-10-23T17:49:50Z", "build_id": "5ee3a42669f1", "domain": "web", "passed": true, "summary": "index.html and README present."}
{"ts": "2025-10-23T17:50:04Z", "build_id": "134c335c38b4", "domain": "web", "passed": true, "summary": "index.html and README present."}
{"ts": "2025-10-23T17:50:05Z", "build_id": "7174b2c79ca6", "domain": "web", "passed": true, "summary": "/hello: 200; /health: 200"}
{"ts": "2025-10-23T17:50:10Z", "build_id": "85ffd4041e84", "domain": "cli", "passed": true, "summary": "CLI entry detected (argparse: True)."}
{"ts": "2025-10-23T17:50:10Z", "build_id": "4296407ce4f1", "domain": "cli", "passed": true, "summary": "CLI entry detected (argparse: True)."}
{"ts": "2025-10-23T17:51:26Z", "build_id": "d6cab8ec18cf", "domain": "web", "passed": true, "summary": "/hello: 200; /health: 200"}
{"ts": "2025-10-25T01:37:30Z", "build_id": "69b88e6233f6", "domain": "web", "passed": true, "summary": "index.html and README present."}
{"ts": "2025-10-25T01:37:45Z", "build_id": "1ced7de32cc3", "domain": "web", "passed": true, "summary": "index.html and README present."}
{"ts": "2025-10-25T01:37:45Z", "build_id": "52c197688f87", "domain": "web", "passed": true, "summary": "/hello: 200; /health: 200"}
{"ts": "2025-10-25T01:37:50Z", "build_id": "337245ac303a", "domain": "cli", "passed": true, "summary": "CLI entry detected (argparse: True)."}
{"ts": "2025-10-25T01:37:51Z", "build_id": "1b4afc01d0ad", "domain": "cli", "passed": true, "summary": "CLI entry detected (argparse: True)."}
{"ts": "2025-10-25T01:38:40Z", "build_id": "296e9a954557", "domain": "web", "passed": true, "summary": "/hello: 200; /health: 200"}
{"ts": "2025-10-25T01:51:58Z", "build_id": "54e70056b05f", "domain": "web", "passed": true, "summary": "index.html and README present."}
{"ts": "2025-10-25T01:52:13Z", "build_id": "81ef77d45799", "domain": "web", "passed": true, "summary": "index.html and README present."}
{"ts": "2025-10-25T01:52:13Z", "build_id": "e0529d53eaa4", "domain": "web", "passed": true, "summary": "/hello: 200; /health: 200"}
{"ts": "2025-10-25T01:52:18Z", "build_id": "48021e31d6f5", "domain": "cli", "passed": true, "summary": "CLI entry detected (argparse: True)."}
{"ts": "2025-10-25T01:52:18Z", "build_id": "5078f6bae8d5", "domain": "cli", "passed": true, "summary": "CLI entry detected (argparse: True)."}
{"ts": "2025-10-25T01:53:06Z", "build_id": "9f07399b7bcd", "domain": "web", "passed": true, "summary": "/hello: 200; /health: 200"}
{"ts": "2025-10-25T02:05:06Z", "build_id": "44126adf3442", "domain": "web", "passed": true, "summary": "index.html and README present."}
{"ts": "2025-10-25T02:05:21Z", "build_id": "7ed3a3559669", "domain": "web", "passed": true, "summary": "index.html and README present."}
{"ts": "2025-10-25T02:05:21Z", "build_id": "b0be49543390", "domain": "web", "passed": true, "summary": "/hello: 200; /health: 200"}
{"ts": "2025-10-25T02:05:26Z", "build_id": "f6bb0e026fcd", "domain": "cli", "passed": true, "summary": "CLI entry detected (argparse: True)."}
{"ts": "2025-10-25T02:05:26Z", "build_id": "1ceb0211753f", "domain": "cli", "passed": true, "summary": "CLI entry detected (argparse: True)."}
{"ts": "2025-10-25T02:06:18Z", "build_id": "18da896a8aad", "domain": "web", "passed": true, "summary": "/hello: 200; /health: 200"}
{"ts": "2025-10-25T02:38:28Z", "build_id": "a47673353c27", "domain": "web", "passed": true, "summary": "index.html and README present."}
{"ts": "2025-10-25T02:38:43Z", "build_id": "b4c3584ea4ae", "domain": "web", "passed": true, "summary": "index.html and README present."}
{"ts": "2025-10-25T02:38:43Z", "build_id": "8bfa99d2af1f", "domain": "web", "passed": true, "summary": "/hello: 200; /health: 200"}
{"ts": "2025-10-25T02:38:49Z", "build_id": "c5ce8431a67a", "domain": "cli", "passed": true, "summary": "CLI entry detected (argparse: True)."}
{"ts": "2025-10-25T02:38:49Z", "build_id": "881016aa9096", "domain": "cli", "passed": true, "summary": "CLI entry detected (argparse: True)."}
{"ts": "2025-10-25T02:39:37Z", "build_id": "a7b98b72f032", "domain": "web", "passed": true, "summary": "/hello: 200; /health: 200"}
{"ts": "2025-10-25T02:40:03Z", "build_id": "7cc8dbc378c7", "domain": "web", "passed": true, "summary": "index.html and README present."}
{"ts": "2025-10-25T02:40:18Z", "build_id": "da0db7647d3b", "domain": "web", "passed": true, "summary": "index.html and README present."}
{"ts": "2025-10-25T02:40:18Z", "build_id": "ddc295bb78a5", "domain": "web", "passed": true, "summary": "/hello: 200; /health: 200"}
{"ts": "2025-10-25T02:40:24Z", "build_id": "77bc2c2b66ee", "domain": "cli", "passed": true, "summary": "CLI entry detected (argparse: True)."}
{"ts": "2025-10-25T02:40:24Z", "build_id": "fddd7cba706b", "domain": "cli", "passed": true, "summary": "CLI entry detected (argparse: True)."}
{"ts": "2025-10-25T02:41:28Z", "build_id": "ec4ad7654521", "domain": "web", "passed": true, "summary": "/hello: 200; /health: 200"}
{"ts": "2025-10-25T03:07:28Z", "build_id": "151be7775d06", "domain": "web", "passed": true, "summary": "index.html and README present."}
{"ts": "2025-10-25T03:07:43Z", "build_id": "31d4f3815fcd", "domain": "web", "passed": true, "summary": "index.html and README present."}
{"ts": "2025-10-25T03:07:43Z", "build_id": "a1b5936b69c3", "domain": "web", "passed": true, "summary": "/hello: 200; /health: 200"}
{"ts": "2025-10-25T03:07:49Z", "build_id": "a70cdbd46c3c", "domain": "cli", "passed": true, "summary": "CLI entry detected (argparse: True)."}
{"ts": "2025-10-25T03:07:49Z", "build_id": "558adcf36e0b", "domain": "cli", "passed": true, "summary": "CLI entry detected (argparse: True)."}
{"ts": "2025-10-25T03:09:11Z", "build_id": "9e6a2c604c86", "domain": "web", "passed": true, "summary": "/hello: 200; /health: 200"}
{"ts": "2025-10-25T16:27:44Z", "build_id": "38db253d46d6", "domain": "web", "passed": true, "summary": "index.html and README present."}
{"ts": "2025-10-25T16:27:59Z", "build_id": "579f02708b72", "domain": "web", "passed": true, "summary": "index.html and README present."}
{"ts": "2025-10-25T16:27:59Z", "build_id": "34b12450506a", "domain": "web", "passed": true, "summary": "/hello: 200; /health: 200"}
{"ts": "2025-10-25T16:28:05Z", "build_id": "6c0eb9128508", "domain": "cli", "passed": true, "summary": "CLI entry detected (argparse: True)."}
{"ts": "2025-10-25T16:28:05Z", "build_id": "9423b2248186", "domain": "cli", "passed": true, "summary": "CLI entry detected (argparse: True)."}
{"ts": "2025-10-25T16:29:35Z", "build_id": "b4e631bd6432", "domain": "web", "passed": true, "summary": "/hello: 200; /health: 200"}
{"ts": "2025-10-25T16:30:15Z", "build_id": "e6b9841031f7", "domain": "web", "passed": true, "summary": "index.html and README present."}
{"ts": "2025-10-25T16:30:30Z", "build_id": "58d0256ac1a6", "domain": "web", "passed": true, "summary": "index.html and README present."}
{"ts": "2025-10-25T16:30:30Z", "build_id": "067cc50372e4", "domain": "web", "passed": true, "summary": "/hello: 200; /health: 200"}
{"ts": "2025-10-25T16:30:35Z", "build_id": "949d96cdfb02", "domain": "cli", "passed": true, "summary": "CLI entry detected (argparse: True)."}
{"ts": "2025-10-25T16:30:35Z", "build_id": "21b14d1abc00", "domain": "cli", "passed": true, "summary": "CLI entry detected (argparse: True)."}
{"ts": "2025-10-25T16:31:58Z", "build_id": "5fbb0fb21b29", "domain": "web", "passed": true, "summary": "/hello: 200; /health: 200"}
{"ts": "2025-10-25T17:15:35Z", "build_id": "564a431db1a6", "domain": "web", "passed": true, "summary": "index.html and README present."}
{"ts": "2025-10-25T17:15:50Z", "build_id": "872804ea1670", "domain": "web", "passed": true, "summary": "index.html and README present."}
{"ts": "2025-10-25T17:15:50Z", "build_id": "9aeb58070a1e", "domain": "web", "passed": true, "summary": "/hello: 200; /health: 200"}
{"ts": "2025-10-25T17:15:56Z", "build_id": "c9f8cb347c83", "domain": "cli", "passed": true, "summary": "CLI entry detected (argparse: True)."}
{"ts": "2025-10-25T17:15:56Z", "build_id": "ffb4fb3ade2d", "domain": "cli", "passed": true, "summary": "CLI entry detected (argparse: True)."}
{"ts": "2025-10-25T17:17:15Z", "build_id": "3f5ed09289fc", "domain": "web", "passed": true, "summary": "/hello: 200; /health: 200"}
{"ts": "2025-10-25T17:17:31Z", "build_id": "bb4fa6ab4275", "domain": "web", "passed": true, "summary": "index.html and README present."}
{"ts": "2025-10-25T17:17:46Z", "build_id": "f9555e6ac469", "domain": "web", "passed": true, "summary": "index.html and README present."}
{"ts": "2025-10-25T17:17:47Z", "build_id": "f78a2e19603d", "domain": "web", "passed": true, "summary": "/hello: 200; /health: 200"}
{"ts": "2025-10-25T17:17:52Z", "build_id": "08eb1198b1b3", "domain": "cli", "passed": true, "summary": "CLI entry detected (argparse: True)."}
{"ts": "2025-10-25T17:17:52Z", "build_id": "9b50241cf67c", "domain": "cli", "passed": true, "summary": "CLI entry detected (argparse: True)."}
{"ts": "2025-10-25T17:19:07Z", "build_id": "60a0ca02d4db", "domain": "web", "passed": true, "summary": "/hello: 200; /health: 200"}
{"ts": "2025-10-25T17:41:38Z", "build_id": "2d579f56e259", "domain": "web", "passed": true, "summary": "index.html and README present."}
{"ts": "2025-10-25T17:41:53Z", "build_id": "28dcb48f84a7", "domain": "web", "passed": true, "summary": "index.html and README present."}
{"ts": "2025-10-25T17:41:53Z", "build_id": "ebc50206f69a", "domain": "web", "passed": true, "summary": "/hello: 200; /health: 200"}
{"ts": "2025-10-25T17:41:58Z", "build_id": "c27091e11963", "domain": "cli", "passed": true, "summary": "CLI entry detected (argparse: True)."}
{"ts": "2025-10-25T17:41:58Z", "build_id": "bd5ba1171a7b", "domain": "cli", "passed": true, "summary": "CLI entry detected (argparse: True)."}
{"ts": "2025-10-25T17:43:12Z", "build_id": "e42dfa10ba1b", "domain": "web", "passed": true, "summary": "/hello: 200; /health: 200"}
{"ts": "2025-10-25T17:44:01Z", "build_id": "6a7aca7dfa58", "domain": "web", "passed": true, "summary": "index.html and README present."}
{"ts": "2025-10-25T17:44:15Z", "build_id": "07e6eaae2ac2", "domain": "web", "passed": true, "summary": "index.html and README present."}
{"ts": "2025-10-25T17:44:15Z", "build_id": "71d555997e1f", "domain": "web", "passed": true, "summary": "/hello: 200; /health: 200"}
{"ts": "2025-10-25T17:44:21Z", "build_id": "1c3f3f0ac424", "domain": "cli", "passed": true, "summary": "CLI entry detected (argparse: True)."}
{"ts": "2025-10-25T17:44:21Z", "build_id": "98e027792c79", "domain": "cli", "passed": true, "summary": "CLI entry detected (argparse: True)."}
{"ts": "2025-10-25T17:45:26Z", "build_id": "7e4d8c29fa07", "domain": "web", "passed": true, "summary": "/hello: 200; /health: 200"}
{"ts": "2025-10-25T17:45:45Z", "build_id": "12f78cea8d93", "domain": "web", "passed": true, "summary": "index.html and README present."}
{"ts": "2025-10-25T17:46:00Z", "build_id": "3fa6a9c22f0e", "domain": "web", "passed": true, "summary": "index.html and README present."}
{"ts": "2025-10-25T17:46:00Z", "build_id": "b2f1bb05863e", "domain": "web", "passed": true, "summary": "/hello: 200; /health: 200"}
{"ts": "2025-10-25T17:46:06Z", "build_id": "e5fdf17522b1", "domain": "cli", "passed": true, "summary": "CLI entry detected (argparse: True)."}
{"ts": "2025-10-25T17:46:06Z", "build_id": "6ce81532dba9", "domain": "cli", "passed": true, "summary": "CLI entry detected (argparse: True)."}
{"ts": "2025-10-25T17:47:13Z", "build_id": "998308345800", "domain": "web", "passed": true, "summary": "/hello: 200; /health: 200"}
{"ts": "2025-10-25T17:47:34Z", "build_id": "2429a91506c6", "domain": "web", "passed": true, "summary": "index.html and README present."}
{"ts": "2025-10-25T17:47:49Z", "build_id": "6d5135ed6455", "domain": "web", "passed": true, "summary": "index.html and README present."}
{"ts": "2025-10-25T17:47:49Z", "build_id": "dbe4653de1d0", "domain": "web", "passed": true, "summary": "/hello: 200; /health: 200"}
{"ts": "2025-10-25T17:47:54Z", "build_id": "4e43d66325cb", "domain": "cli", "passed": true, "summary": "CLI entry detected (argparse: True)."}
{"ts": "2025-10-25T17:47:54Z", "build_id": "cb688e8a2e88", "domain": "cli", "passed": true, "summary": "CLI entry detected (argparse: True)."}
{"ts": "2025-10-25T17:48:52Z", "build_id": "59218f605332", "domain": "web", "passed": true, "summary": "/hello: 200; /health: 200"}
{"ts": "2025-10-28T19:44:45Z", "build_id": "313d64835d3b", "domain": "web", "passed": true, "summary": "index.html and README present."}
{"ts": "2025-10-28T19:45:00Z", "build_id": "2d2a78b7cbf9", "domain": "web", "passed": true, "summary": "index.html and README present."}
{"ts": "2025-10-28T19:45:00Z", "build_id": "c03e6990bc91", "domain": "web", "passed": true, "summary": "/hello: 200; /health: 200"}
{"ts": "2025-10-28T19:45:06Z", "build_id": "391bb767077a", "domain": "cli", "passed": true, "summary": "CLI entry detected (argparse: True)."}
{"ts": "2025-10-28T19:45:06Z", "build_id": "9bd8ce8064f5", "domain": "cli", "passed": true, "summary": "CLI entry detected (argparse: True)."}
{"ts": "2025-10-28T19:46:29Z", "build_id": "937d1c2f9f0a", "domain": "web", "passed": true, "summary": "/hello: 200; /health: 200"}
{"ts": "2025-10-28T20:15:47Z", "build_id": "35c40aa7d868", "domain": "web", "passed": true, "summary": "index.html and README present."}
{"ts": "2025-10-28T20:16:02Z", "build_id": "ae2f6f82fd2b", "domain": "web", "passed": true, "summary": "index.html and README present."}
{"ts": "2025-10-28T20:16:02Z", "build_id": "96e33219dd73", "domain": "web", "passed": true, "summary": "/hello: 200; /health: 200"}
{"ts": "2025-10-28T20:16:07Z", "build_id": "6641960eaca0", "domain": "cli", "passed": true, "summary": "CLI entry detected (argparse: True)."}
{"ts": "2025-10-28T20:16:07Z", "build_id": "bebddfdd375b", "domain": "cli", "passed": true, "summary": "CLI entry detected (argparse: True)."}
{"ts": "2025-10-28T20:17:27Z", "build_id": "61d5eedfe421", "domain": "web", "passed": true, "summary": "/hello: 200; /health: 200"}
{"ts": "2025-10-28T20:18:54Z", "build_id": "4667dd850010", "domain": "web", "passed": true, "summary": "index.html and README present."}
{"ts": "2025-10-28T20:19:09Z", "build_id": "b557af4b22e3", "domain": "web", "passed": true, "summary": "index.html and README present."}
{"ts": "2025-10-28T20:19:09Z", "build_id": "4b0754bf532f", "domain": "web", "passed": true, "summary": "/hello: 200; /health: 200"}
{"ts": "2025-10-28T20:19:15Z", "build_id": "c48be39551db", "domain": "cli", "passed": true, "summary": "CLI entry detected (argparse: True)."}
{"ts": "2025-10-28T20:19:15Z", "build_id": "3b5951aa6092", "domain": "cli", "passed": true, "summary": "CLI entry detected (argparse: True)."}
{"ts": "2025-10-28T20:21:31Z", "build_id": "e7de2442bcb1", "domain": "web", "passed": true, "summary": "/hello: 200; /health: 200"}
{"ts": "2025-10-28T22:02:36Z", "build_id": "2fb4508ae533", "domain": "web", "passed": true, "summary": "index.html and README present."}
{"ts": "2025-10-28T22:03:56Z", "build_id": "d390e1d00836", "domain": "web", "passed": true, "summary": "index.html and README present."}
{"ts": "2025-10-28T22:03:56Z", "build_id": "1ffb99463406", "domain": "web", "passed": true, "summary": "/hello: 200; /health: 200"}
{"ts": "2025-10-28T22:04:01Z", "build_id": "a0fa793e686d", "domain": "cli", "passed": true, "summary": "CLI entry detected (argparse: True)."}
{"ts": "2025-10-28T22:04:01Z", "build_id": "fe3993b7c05a", "domain": "cli", "passed": true, "summary": "CLI entry detected (argparse: True)."}
{"ts": "2025-10-28T22:08:33Z", "build_id": "d777b1578f8e", "domain": "web", "passed": true, "summary": "/hello: 200; /health: 200"}
{"ts": "2025-10-28T22:11:53Z", "build_id": "a2df365c1f5c", "domain": "web", "passed": true, "summary": "index.html and README present."}
{"ts": "2025-10-28T22:13:13Z", "build_id": "9c7f0e93f435", "domain": "web", "passed": true, "summary": "index.html and README present."}
{"ts": "2025-10-28T22:13:13Z", "build_id": "2bde3074826b", "domain": "web", "passed": true, "summary": "/hello: 200; /health: 200"}
{"ts": "2025-10-28T22:13:18Z", "build_id": "199a0fb5f1ad", "domain": "cli", "passed": true, "summary": "CLI entry detected (argparse: True)."}
{"ts": "2025-10-28T22:13:18Z", "build_id": "b035696916fe", "domain": "cli", "passed": true, "summary": "CLI entry detected (argparse: True)."}
{"ts": "2025-10-28T22:17:43Z", "build_id": "ba3c6cc2857b", "domain": "web", "passed": true, "summary": "/hello: 200; /health: 200"}
{"ts": "2025-10-28T22:19:50Z", "build_id": "1e8104452ced", "domain": "web", "passed": true, "summary": "index.html and README present."}
{"ts": "2025-10-28T22:21:10Z", "build_id": "d83f614560f3", "domain": "web", "passed": true, "summary": "index.html and README present."}
{"ts": "2025-10-28T22:21:10Z", "build_id": "9370658e3148", "domain": "web", "passed": true, "summary": "/hello: 200; /health: 200"}
{"ts": "2025-10-28T22:21:15Z", "build_id": "1d8fd22d3293", "domain": "cli", "passed": true, "summary": "CLI entry detected (argparse: True)."}
{"ts": "2025-10-28T22:21:15Z", "build_id": "6c81f047e56e", "domain": "cli", "passed": true, "summary": "CLI entry detected (argparse: True)."}
{"ts": "2025-10-28T22:26:04Z", "build_id": "d04a1145ad88", "domain": "web", "passed": true, "summary": "/hello: 200; /health: 200"}
{"ts": "2025-10-28T22:29:38Z", "build_id": "b14cef85855e", "domain": "web", "passed": true, "summary": "index.html and README present."}
{"ts": "2025-10-28T22:30:58Z", "build_id": "3127773f97cf", "domain": "web", "passed": true, "summary": "index.html and README present."}
{"ts": "2025-10-28T22:30:58Z", "build_id": "fb65fbd81c1a", "domain": "web", "passed": true, "summary": "/hello: 200; /health: 200"}
{"ts": "2025-10-28T22:31:04Z", "build_id": "1a58c0331213", "domain": "cli", "passed": true, "summary": "CLI entry detected (argparse: True)."}
{"ts": "2025-10-28T22:31:04Z", "build_id": "748ed21837da", "domain": "cli", "passed": true, "summary": "CLI entry detected (argparse: True)."}
{"ts": "2025-10-28T22:35:25Z", "build_id": "d6625bca0f2c", "domain": "web", "passed": true, "summary": "/hello: 200; /health: 200"}
{"ts": "2025-10-28T22:37:30Z", "build_id": "31999b548f9c", "domain": "web", "passed": true, "summary": "index.html and README present."}
{"ts": "2025-10-28T22:38:50Z", "build_id": "1b7dad74e926", "domain": "web", "passed": true, "summary": "index.html and README present."}
{"ts": "2025-10-28T22:38:50Z", "build_id": "28d474058ef2", "domain": "web", "passed": true, "summary": "/hello: 200; /health: 200"}
{"ts": "2025-10-28T22:38:56Z", "build_id": "2d357a1aab38", "domain": "cli", "passed": true, "summary": "CLI entry detected (argparse: True)."}
{"ts": "2025-10-28T22:38:56Z", "build_id": "8be10bf17d40", "domain": "cli", "passed": true, "summary": "CLI entry detected (argparse: True)."}
{"ts": "2025-10-28T22:43:06Z", "build_id": "859cf429e60e", "domain": "web", "passed": true, "summary": "/hello: 200; /health: 200"}
{"ts": "2025-10-28T23:58:47Z", "build_id": "3fe53771e523", "domain": "web", "passed": true, "summary": "index.html and README present."}
{"ts": "2025-10-29T00:00:12Z", "build_id": "4ec6c0807d2b", "domain": "web", "passed": true, "summary": "index.html and README present."}
{"ts": "2025-10-29T00:00:12Z", "build_id": "e8ceb03d793e", "domain": "web", "passed": true, "summary": "/hello: 200; /health: 200"}
{"ts": "2025-10-29T00:00:17Z", "build_id": "815e0fd89358", "domain": "cli", "passed": true, "summary": "CLI entry detected (argparse: True)."}
{"ts": "2025-10-29T00:00:17Z", "build_id": "242b4c739f3e", "domain": "cli", "passed": true, "summary": "CLI entry detected (argparse: True)."}
{"ts": "2025-10-29T00:04:51Z", "build_id": "840278678d87", "domain": "web", "passed": true, "summary": "/hello: 200; /health: 200"}
{"ts": "2025-10-29T00:32:56Z", "build_id": "b496f50d8a07", "domain": "web", "passed": true, "summary": "index.html and README present."}
{"ts": "2025-10-29T00:34:20Z", "build_id": "d099a9cde92c", "domain": "web", "passed": true, "summary": "index.html and README present."}
{"ts": "2025-10-29T00:34:20Z", "build_id": "af33ce584f9a", "domain": "web", "passed": true, "summary": "/hello: 200; /health: 200"}
{"ts": "2025-10-29T00:34:26Z", "build_id": "0df21a3cd583", "domain": "cli", "passed": true, "summary": "CLI entry detected (argparse: True)."}
{"ts": "2025-10-29T00:34:26Z", "build_id": "7e0ea6768d41", "domain": "cli", "passed": true, "summary": "CLI entry detected (argparse: True)."}
{"ts": "2025-10-29T20:04:28Z", "build_id": "e5ce448e0a7b", "domain": "web", "passed": true, "summary": "index.html and README present."}
{"ts": "2025-10-29T20:05:48Z", "build_id": "4187d3eca776", "domain": "web", "passed": true, "summary": "index.html and README present."}
{"ts": "2025-10-29T20:05:48Z", "build_id": "d8f21d21461e", "domain": "web", "passed": true, "summary": "/hello: 200; /health: 200"}
{"ts": "2025-10-29T20:05:53Z", "build_id": "ddee3e45bfc3", "domain": "cli", "passed": true, "summary": "CLI entry detected (argparse: True)."}
{"ts": "2025-10-29T20:05:53Z", "build_id": "8ffc9f21112e", "domain": "cli", "passed": true, "summary": "CLI entry detected (argparse: True)."}
{"ts": "2025-10-30T16:53:47Z", "build_id": "1ae648fc4898", "domain": "web", "passed": true, "summary": "index.html and README present."}
{"ts": "2025-10-30T16:57:30Z", "build_id": "7716357efdd8", "domain": "web", "passed": true, "summary": "index.html and README present."}
{"ts": "2025-10-30T16:57:30Z", "build_id": "40abc61da60d", "domain": "web", "passed": true, "summary": "/hello: 200; /health: 200"}
{"ts": "2025-10-30T16:57:36Z", "build_id": "400441e1a816", "domain": "cli", "passed": true, "summary": "CLI entry detected (argparse: True)."}
{"ts": "2025-10-30T16:57:36Z", "build_id": "fe73705db7b1", "domain": "cli", "passed": true, "summary": "CLI entry detected (argparse: True)."}
{"ts": "2025-10-30T17:11:03Z", "build_id": "da6a89c18d60", "domain": "web", "passed": true, "summary": "/hello: 200; /health: 200"}
{"ts": "2025-10-30T17:19:58Z", "build_id": "0579cca46e12", "domain": "web", "passed": true, "summary": "index.html and README present."}
{"ts": "2025-10-30T17:23:30Z", "build_id": "52851aad5ba2", "domain": "web", "passed": true, "summary": "index.html and README present."}
{"ts": "2025-10-30T17:23:30Z", "build_id": "c5238501f519", "domain": "web", "passed": true, "summary": "/hello: 200; /health: 200"}
{"ts": "2025-10-30T17:23:35Z", "build_id": "f860d3499a4c", "domain": "cli", "passed": true, "summary": "CLI entry detected (argparse: True)."}
{"ts": "2025-10-30T17:23:35Z", "build_id": "a94242aa9e73", "domain": "cli", "passed": true, "summary": "CLI entry detected (argparse: True)."}
{"ts": "2025-10-30T17:35:59Z", "build_id": "825256f59aff", "domain": "web", "passed": true, "summary": "/hello: 200; /health: 200"}
{"ts": "2025-10-30T17:41:51Z", "build_id": "fd691ce9db1c", "domain": "web", "passed": true, "summary": "index.html and README present."}
{"ts": "2025-10-30T17:45:26Z", "build_id": "61e58a793cb3", "domain": "web", "passed": true, "summary": "index.html and README present."}
{"ts": "2025-10-30T17:45:26Z", "build_id": "7ad52bb42fa0", "domain": "web", "passed": true, "summary": "/hello: 200; /health: 200"}
{"ts": "2025-10-30T17:45:32Z", "build_id": "6c2698390f9a", "domain": "cli", "passed": true, "summary": "CLI entry detected (argparse: True)."}
{"ts": "2025-10-30T17:45:32Z", "build_id": "e5242f0ea0be", "domain": "cli", "passed": true, "summary": "CLI entry detected (argparse: True)."}
{"ts": "2025-10-30T17:57:40Z", "build_id": "348b2568e076", "domain": "web", "passed": true, "summary": "/hello: 200; /health: 200"}
{"ts": "2025-10-30T20:45:30Z", "build_id": "e37b7fe12822", "domain": "web", "passed": true, "summary": "index.html and README present."}
{"ts": "2025-10-30T20:47:20Z", "build_id": "dc831bee8997", "domain": "web", "passed": true, "summary": "index.html and README present."}
{"ts": "2025-10-30T20:47:20Z", "build_id": "d062c06b8a76", "domain": "web", "passed": true, "summary": "/hello: 200; /health: 200"}
{"ts": "2025-10-30T20:47:26Z", "build_id": "b1810cf0974f", "domain": "cli", "passed": true, "summary": "CLI entry detected (argparse: True)."}
{"ts": "2025-10-30T20:47:26Z", "build_id": "bed289dcc738", "domain": "cli", "passed": true, "summary": "CLI entry detected (argparse: True)."}
{"ts": "2025-10-30T20:54:10Z", "build_id": "c5dabbc9c15e", "domain": "web", "passed": true, "summary": "/hello: 200; /health: 200"}
{"ts": "2025-10-30T21:02:54Z", "build_id": "a5ee6f145717", "domain": "web", "passed": true, "summary": "index.html and README present."}
{"ts": "2025-10-30T21:04:44Z", "build_id": "4262e2a82757", "domain": "web", "passed": true, "summary": "index.html and README present."}
{"ts": "2025-10-30T21:04:44Z", "build_id": "f3ec72b82de1", "domain": "web", "passed": true, "summary": "/hello: 200; /health: 200"}
{"ts": "2025-10-30T21:04:49Z", "build_id": "a42e3e9d5b62", "domain": "cli", "passed": true, "summary": "CLI entry detected (argparse: True)."}
{"ts": "2025-10-30T21:04:49Z", "build_id": "6c2fb1515e04", "domain": "cli", "passed": true, "summary": "CLI entry detected (argparse: True)."}
{"ts": "2025-10-30T21:11:24Z", "build_id": "185400ff88c0", "domain": "web", "passed": true, "summary": "/hello: 200; /health: 200"}
{"ts": "2025-10-30T21:14:23Z", "build_id": "36146b055034", "domain": "web", "passed": true, "summary": "index.html and README present."}
{"ts": "2025-10-30T21:16:13Z", "build_id": "b3afa69b5442", "domain": "web", "passed": true, "summary": "index.html and README present."}
{"ts": "2025-10-30T21:16:13Z", "build_id": "77e95420a90f", "domain": "web", "passed": true, "summary": "/hello: 200; /health: 200"}
{"ts": "2025-10-30T21:16:18Z", "build_id": "0a2803b3d2c7", "domain": "cli", "passed": true, "summary": "CLI entry detected (argparse: True)."}
{"ts": "2025-10-30T21:16:18Z", "build_id": "3eb229ac9498", "domain": "cli", "passed": true, "summary": "CLI entry detected (argparse: True)."}
{"ts": "2025-10-30T21:23:09Z", "build_id": "4acdaa1d4e35", "domain": "web", "passed": true, "summary": "/hello: 200; /health: 200"}
{"ts": "2025-10-30T21:26:12Z", "build_id": "8d8a04cc010d", "domain": "web", "passed": true, "summary": "index.html and README present."}
{"ts": "2025-10-30T21:28:01Z", "build_id": "523be77ec236", "domain": "web", "passed": true, "summary": "index.html and README present."}
{"ts": "2025-10-30T21:28:02Z", "build_id": "2d18313c5acb", "domain": "web", "passed": true, "summary": "/hello: 200; /health: 200"}
{"ts": "2025-10-30T21:28:07Z", "build_id": "4ef9c9f0acab", "domain": "cli", "passed": true, "summary": "CLI entry detected (argparse: True)."}
{"ts": "2025-10-30T21:28:07Z", "build_id": "c7b48e204585", "domain": "cli", "passed": true, "summary": "CLI entry detected (argparse: True)."}
{"ts": "2025-10-30T21:34:40Z", "build_id": "5cf370907a02", "domain": "web", "passed": true, "summary": "/hello: 200; /health: 200"}
{"ts": "2025-10-30T21:37:35Z", "build_id": "7f0c721a175d", "domain": "web", "passed": true, "summary": "index.html and README present."}
{"ts": "2025-10-30T21:39:24Z", "build_id": "50468d54ab85", "domain": "web", "passed": true, "summary": "index.html and README present."}
{"ts": "2025-10-30T21:39:24Z", "build_id": "9a17fe33b4d0", "domain": "web", "passed": true, "summary": "/hello: 200; /health: 200"}
{"ts": "2025-10-30T21:39:30Z", "build_id": "83e87d08e173", "domain": "cli", "passed": true, "summary": "CLI entry detected (argparse: True)."}
{"ts": "2025-10-30T21:39:30Z", "build_id": "f4e31e17d9a8", "domain": "cli", "passed": true, "summary": "CLI entry detected (argparse: True)."}
{"ts": "2025-10-30T21:46:18Z", "build_id": "19c8409ac101", "domain": "web", "passed": true, "summary": "/hello: 200; /health: 200"}
{"ts": "2025-10-30T22:27:48Z", "build_id": "e5b715030130", "domain": "web", "passed": true, "summary": "index.html and README present."}
{"ts": "2025-10-30T22:29:37Z", "build_id": "f04d28921bbc", "domain": "web", "passed": true, "summary": "index.html and README present."}
{"ts": "2025-10-30T22:29:37Z", "build_id": "b46fc35de021", "domain": "web", "passed": true, "summary": "/hello: 200; /health: 200"}
{"ts": "2025-10-30T22:29:43Z", "build_id": "d250408c13ba", "domain": "cli", "passed": true, "summary": "CLI entry detected (argparse: True)."}
{"ts": "2025-10-30T22:29:43Z", "build_id": "e5fba6f3129e", "domain": "cli", "passed": true, "summary": "CLI entry detected (argparse: True)."}
{"ts": "2025-11-02T18:28:52Z", "build_id": "701b8033827c", "domain": "web", "passed": true, "summary": "index.html and README present."}
{"ts": "2025-11-02T18:32:32Z", "build_id": "03951f3e0ba5", "domain": "web", "passed": true, "summary": "index.html and README present."}
{"ts": "2025-11-02T18:32:32Z", "build_id": "8d4bc1aba5b3", "domain": "web", "passed": true, "summary": "/hello: 200; /health: 200"}
{"ts": "2025-11-02T18:32:37Z", "build_id": "0918e712df60", "domain": "cli", "passed": true, "summary": "CLI entry detected (argparse: True)."}
{"ts": "2025-11-02T18:32:37Z", "build_id": "e5a618c6e191", "domain": "cli", "passed": true, "summary": "CLI entry detected (argparse: True)."}
{"ts": "2025-11-02T18:46:24Z", "build_id": "d579d85db007", "domain": "web", "passed": true, "summary": "/hello: 200; /health: 200"}
{"ts": "2025-11-02T18:51:35Z", "build_id": "661193a9fc0d", "domain": "web", "passed": true, "summary": "index.html and README present."}
{"ts": "2025-11-02T18:55:12Z", "build_id": "6f0456d2118f", "domain": "web", "passed": true, "summary": "index.html and README present."}
{"ts": "2025-11-02T18:55:13Z", "build_id": "9798f9b894a5", "domain": "web", "passed": true, "summary": "/hello: 200; /health: 200"}
{"ts": "2025-11-02T18:55:18Z", "build_id": "aa9c5fde45fe", "domain": "cli", "passed": true, "summary": "CLI entry detected (argparse: True)."}
{"ts": "2025-11-02T18:55:18Z", "build_id": "cc54597fa6db", "domain": "cli", "passed": true, "summary": "CLI entry detected (argparse: True)."}
{"ts": "2025-11-02T19:07:31Z", "build_id": "3516d6f3ed9f", "domain": "web", "passed": true, "summary": "/hello: 200; /health: 200"}
{"ts": "2025-11-03T04:51:17Z", "build_id": "1b1b224afcbf", "domain": "web", "passed": true, "summary": "index.html and README present."}
{"ts": "2025-11-03T04:53:07Z", "build_id": "135638f511cf", "domain": "web", "passed": true, "summary": "index.html and README present."}
{"ts": "2025-11-03T04:53:07Z", "build_id": "510c6157ef32", "domain": "web", "passed": true, "summary": "/hello: 200; /health: 200"}
{"ts": "2025-11-03T04:53:13Z", "build_id": "208a25e21f80", "domain": "cli", "passed": true, "summary": "CLI entry detected (argparse: True)."}
{"ts": "2025-11-03T04:53:13Z", "build_id": "f92bcef6ffa7", "domain": "cli", "passed": true, "summary": "CLI entry detected (argparse: True)."}
{"ts": "2025-11-03T07:44:04Z", "build_id": "baffdb366fb4", "domain": "web", "passed": true, "summary": "index.html and README present."}
{"ts": "2025-11-03T07:45:54Z", "build_id": "8c3506c32ea1", "domain": "web", "passed": true, "summary": "index.html and README present."}
{"ts": "2025-11-03T07:45:54Z", "build_id": "a7cdbe7332cc", "domain": "web", "passed": true, "summary": "/hello: 200; /health: 200"}
{"ts": "2025-11-03T07:46:00Z", "build_id": "0830692ac337", "domain": "cli", "passed": true, "summary": "CLI entry detected (argparse: True)."}
{"ts": "2025-11-03T07:46:00Z", "build_id": "101da55dddf5", "domain": "cli", "passed": true, "summary": "CLI entry detected (argparse: True)."}
{"ts": "2025-11-03T07:54:36Z", "build_id": "5227d3eca9b8", "domain": "web", "passed": true, "summary": "index.html and README present."}
{"ts": "2025-11-03T07:57:33Z", "build_id": "d7fee0d4eab4", "domain": "web", "passed": true, "summary": "index.html and README present."}
{"ts": "2025-11-03T07:57:33Z", "build_id": "993c356d76d0", "domain": "web", "passed": true, "summary": "/hello: 200; /health: 200"}
{"ts": "2025-11-03T07:57:39Z", "build_id": "8a314209aa2a", "domain": "cli", "passed": true, "summary": "CLI entry detected (argparse: True)."}
{"ts": "2025-11-03T07:57:39Z", "build_id": "5f3d90e9e0bc", "domain": "cli", "passed": true, "summary": "CLI entry detected (argparse: True)."}
{"ts": "2025-11-03T08:08:50Z", "build_id": "4c6409026203", "domain": "web", "passed": true, "summary": "/hello: 200; /health: 200"}
